--------------- Build Started: 10/31/2018 11:13:17 Project: erika_blinker, Configuration: ARM GCC 5.4-2016-q2-update Debug ---------------
cydsfit.exe -.appdatapath "C:\Users\Fromm\AppData\Local\Cypress Semiconductor\PSoC Creator\4.2" -.fdsnotice -.fdswarpdepfile=warp_dependencies.txt -.fdselabdepfile=elab_dependencies.txt -.fdsbldfile=generated_files.txt -.fdsreffile=referenced_files.txt -p D:\50_HDA\60_Lehre\40_Vorlesungen\10_EOS\20_Lecture\060_OSEKIntroduction\Code\work_psoc\erika_blinker.cydsn\erika_blinker.cyprj -d CY8C5888LTQ-LP097 -s D:\50_HDA\60_Lehre\40_Vorlesungen\10_EOS\20_Lecture\060_OSEKIntroduction\Code\work_psoc\erika_blinker.cydsn\Generated_Source\PSoC5 -- -yv2 -q10 -ygs -o2 -v3 -.fftcfgtype=LE
Elaborating Design...
HDL Generation...
Synthesis...
Tech Mapping...
Analog Placement...
Analog Routing...
Analog Code Generation...
Digital Placement...
Digital Routing...
Bitstream Generation...
Bitstream Verification...
Static timing analysis...
API Generation...
Dependency Generation...
Cleanup...
arm-none-eabi-gcc.exe -mcpu=cortex-m3 -mthumb -I.\source\asw -I.\source\bsw -I. -IGenerated_Source\PSoC5 -Wa,-alh=.\CortexM3\ARM_GCC_541\Debug/OS_eecfg.lst -g -D DEBUG -D CY_CORE_ID=0 -Wall -ffunction-sections -ffat-lto-objects -Og -c Generated_Source\PSoC5\OS_eecfg.c -o .\CortexM3\ARM_GCC_541\Debug\OS_eecfg.o
Generated_Source\PSoC5\OS_eecfg.c:1604:62: warning: initialization from incompatible pointer type [-Wincompatible-pointer-types]
         { (EE_OO_AUTOSTART_TASK_MODE_OSDEFAULTAPPMODE_SIZE), EE_oo_autostart_task_mode_OSDEFAULTAPPMODE}
                                                              ^
Generated_Source\PSoC5\OS_eecfg.c:1604:62: note: (near initialization for 'EE_oo_autostart_task_data[0].task')
arm-none-eabi-ar.exe -rs .\CortexM3\ARM_GCC_541\Debug\erika_blinker.a .\CortexM3\ARM_GCC_541\Debug\OS_ee_activate.o .\CortexM3\ARM_GCC_541\Debug\OS_ee_alcancel.o .\CortexM3\ARM_GCC_541\Debug\OS_ee_alget.o .\CortexM3\ARM_GCC_541\Debug\OS_ee_algetbase.o .\CortexM3\ARM_GCC_541\Debug\OS_ee_alsetabs.o .\CortexM3\ARM_GCC_541\Debug\OS_ee_alsetrel.o .\CortexM3\ARM_GCC_541\Debug\OS_ee_altick.o .\CortexM3\ARM_GCC_541\Debug\OS_ee_chaintas.o .\CortexM3\ARM_GCC_541\Debug\OS_ee_evclear.o .\CortexM3\ARM_GCC_541\Debug\OS_ee_evget.o .\CortexM3\ARM_GCC_541\Debug\OS_ee_evset.o .\CortexM3\ARM_GCC_541\Debug\OS_ee_evwait.o .\CortexM3\ARM_GCC_541\Debug\OS_ee_force_schedule.o .\CortexM3\ARM_GCC_541\Debug\OS_ee_getcountervalue.o .\CortexM3\ARM_GCC_541\Debug\OS_ee_getelapsedvalue.o .\CortexM3\ARM_GCC_541\Debug\OS_ee_gettaskid.o .\CortexM3\ARM_GCC_541\Debug\OS_ee_gettaskstate.o .\CortexM3\ARM_GCC_541\Debug\OS_ee_iparam.o .\CortexM3\ARM_GCC_541\Debug\OS_ee_irqendin.o .\CortexM3\ARM_GCC_541\Debug\OS_ee_lockres.o .\CortexM3\ARM_GCC_541\Debug\OS_ee_lookup.o .\CortexM3\ARM_GCC_541\Debug\OS_ee_rq_exchg.o .\CortexM3\ARM_GCC_541\Debug\OS_ee_rq_first.o .\CortexM3\ARM_GCC_541\Debug\OS_ee_rq_inser.o .\CortexM3\ARM_GCC_541\Debug\OS_ee_schedule.o .\CortexM3\ARM_GCC_541\Debug\OS_ee_semgetvalue.o .\CortexM3\ARM_GCC_541\Debug\OS_ee_sempost.o .\CortexM3\ARM_GCC_541\Debug\OS_ee_semtrywait.o .\CortexM3\ARM_GCC_541\Debug\OS_ee_semwait.o .\CortexM3\ARM_GCC_541\Debug\OS_ee_shtdown.o .\CortexM3\ARM_GCC_541\Debug\OS_ee_startos.o .\CortexM3\ARM_GCC_541\Debug\OS_ee_terminat.o .\CortexM3\ARM_GCC_541\Debug\OS_ee_thendin.o .\CortexM3\ARM_GCC_541\Debug\OS_ee_tnterm.o .\CortexM3\ARM_GCC_541\Debug\OS_ee_tstub.o .\CortexM3\ARM_GCC_541\Debug\OS_ee_ulockallres.o .\CortexM3\ARM_GCC_541\Debug\OS_ee_ulockres.o .\CortexM3\ARM_GCC_541\Debug\OS_cortex_mx_ee_context.o .\CortexM3\ARM_GCC_541\Debug\OS_cortex_mx_ee_system_timer.o .\CortexM3\ARM_GCC_541\Debug\OS_cortex_mx_ee_utils.o .\CortexM3\ARM_GCC_541\Debug\OS_common_ee_hal_structs.o .\CortexM3\ARM_GCC_541\Debug\OS_eecfg.o .\CortexM3\ARM_GCC_541\Debug\SEVEN_C.o .\CortexM3\ARM_GCC_541\Debug\SEVEN_B.o .\CortexM3\ARM_GCC_541\Debug\SEVEN_A.o .\CortexM3\ARM_GCC_541\Debug\SEVEN_D.o .\CortexM3\ARM_GCC_541\Debug\SEVEN_E.o .\CortexM3\ARM_GCC_541\Debug\SEVEN_F.o .\CortexM3\ARM_GCC_541\Debug\SEVEN_G.o .\CortexM3\ARM_GCC_541\Debug\SEVEN_DP.o .\CortexM3\ARM_GCC_541\Debug\SEVEN_SELECT.o .\CortexM3\ARM_GCC_541\Debug\SEVEN_reg.o .\CortexM3\ARM_GCC_541\Debug\SEVEN_reg_PM.o .\CortexM3\ARM_GCC_541\Debug\BUTTON_1.o .\CortexM3\ARM_GCC_541\Debug\isr_Button.o .\CortexM3\ARM_GCC_541\Debug\BUTTON_2.o .\CortexM3\ARM_GCC_541\Debug\BUTTON_3.o .\CortexM3\ARM_GCC_541\Debug\BUTTON_4.o .\CortexM3\ARM_GCC_541\Debug\LED_red.o .\CortexM3\ARM_GCC_541\Debug\LED_yellow.o .\CortexM3\ARM_GCC_541\Debug\LED_green.o .\CortexM3\ARM_GCC_541\Debug\UART_LOG.o .\CortexM3\ARM_GCC_541\Debug\UART_LOG_PM.o .\CortexM3\ARM_GCC_541\Debug\UART_LOG_INT.o .\CortexM3\ARM_GCC_541\Debug\UART_LOG_BOOT.o .\CortexM3\ARM_GCC_541\Debug\RGB_PWM_red.o .\CortexM3\ARM_GCC_541\Debug\RGB_PWM_red_PM.o .\CortexM3\ARM_GCC_541\Debug\PWM_Clock.o .\CortexM3\ARM_GCC_541\Debug\RGB_PWM_green.o .\CortexM3\ARM_GCC_541\Debug\RGB_PWM_green_PM.o .\CortexM3\ARM_GCC_541\Debug\RGB_PWM_blue.o .\CortexM3\ARM_GCC_541\Debug\RGB_PWM_blue_PM.o .\CortexM3\ARM_GCC_541\Debug\RGB_R.o .\CortexM3\ARM_GCC_541\Debug\RGB_G.o .\CortexM3\ARM_GCC_541\Debug\RGB_B.o .\CortexM3\ARM_GCC_541\Debug\UART_LOG_IntClock.o .\CortexM3\ARM_GCC_541\Debug\CyDmac.o .\CortexM3\ARM_GCC_541\Debug\CyFlash.o .\CortexM3\ARM_GCC_541\Debug\CyLib.o .\CortexM3\ARM_GCC_541\Debug\cyPm.o .\CortexM3\ARM_GCC_541\Debug\CySpc.o .\CortexM3\ARM_GCC_541\Debug\cyutils.o .\CortexM3\ARM_GCC_541\Debug\cy_em_eeprom.o .\CortexM3\ARM_GCC_541\Debug\OS_ee_gnu_change_context_isr.o .\CortexM3\ARM_GCC_541\Debug\OS_ee_gnu_irq_stack.o .\CortexM3\ARM_GCC_541\Debug\OS_ee_gnu_multi_context.o .\CortexM3\ARM_GCC_541\Debug\OS_ee_gnu_oo.o .\CortexM3\ARM_GCC_541\Debug\CyBootAsmGnu.o
arm-none-eabi-ar.exe: creating .\CortexM3\ARM_GCC_541\Debug\erika_blinker.a
arm-none-eabi-gcc.exe -Wl,--start-group -o D:\50_HDA\60_Lehre\40_Vorlesungen\10_EOS\20_Lecture\060_OSEKIntroduction\Code\work_psoc\erika_blinker.cydsn\CortexM3\ARM_GCC_541\Debug\erika_blinker.elf .\CortexM3\ARM_GCC_541\Debug\main.o .\CortexM3\ARM_GCC_541\Debug\blinker.o .\CortexM3\ARM_GCC_541\Debug\button.o .\CortexM3\ARM_GCC_541\Debug\led.o .\CortexM3\ARM_GCC_541\Debug\seven.o .\CortexM3\ARM_GCC_541\Debug\cyfitter_cfg.o .\CortexM3\ARM_GCC_541\Debug\cymetadata.o .\CortexM3\ARM_GCC_541\Debug\Cm3Start.o .\CortexM3\ARM_GCC_541\Debug\erika_blinker.a "e:\tools\Cypress\PSoC Creator\4.2\PSoC Creator\psoc\content\cycomponentlibrary\CyComponentLibrary.cylib\CortexM3\ARM_GCC_541\Debug\CyComponentLibrary.a" -mcpu=cortex-m3 -mthumb -L Generated_Source\PSoC5 -Wl,-Map,.\CortexM3\ARM_GCC_541\Debug/erika_blinker.map -T Generated_Source\PSoC5\cm3gcc.ld -specs=nano.specs -Wl,--gc-sections -g -ffunction-sections -Og -ffat-lto-objects -Wl,--end-group
cyelftool.exe -C D:\50_HDA\60_Lehre\40_Vorlesungen\10_EOS\20_Lecture\060_OSEKIntroduction\Code\work_psoc\erika_blinker.cydsn\CortexM3\ARM_GCC_541\Debug\erika_blinker.elf --flash_row_size 256 --flash_size 262144 --flash_offset 0x00000000
No ELF section .cychecksum found, creating one
Application checksum calculated and stored in ELF section .cychecksum
Checksum calculated and stored in ELF section .cymeta
cyelftool.exe -S D:\50_HDA\60_Lehre\40_Vorlesungen\10_EOS\20_Lecture\060_OSEKIntroduction\Code\work_psoc\erika_blinker.cydsn\CortexM3\ARM_GCC_541\Debug\erika_blinker.elf
Flash used: 7494 of 262144 bytes (2,9%).
SRAM used: 3745 of 65536 bytes (5,7%). Stack: 2048 bytes. Heap: 128 bytes.
--------------- Build Succeeded: 10/31/2018 11:13:33 ---------------
