--------------- Build Started: 06/28/2020 17:27:08 Project: 05_Watchdog, Configuration: ARM GCC 5.4-2016-q2-update Debug ---------------
cydsfit.exe -.appdatapath "C:\Users\Fromm\AppData\Local\Cypress Semiconductor\PSoC Creator\4.2" -.fdsnotice -.fdswarpdepfile=warp_dependencies.txt -.fdselabdepfile=elab_dependencies.txt -.fdsbldfile=generated_files.txt -.fdsreffile=referenced_files.txt -p D:\50_HDA\60_Lehre\40_Vorlesungen\17_SECS\20_Lecture\__work\05_Watchdog.cydsn\05_Watchdog.cyprj -d CY8C4014SXI-421 -s D:\50_HDA\60_Lehre\40_Vorlesungen\17_SECS\20_Lecture\__work\05_Watchdog.cydsn\Generated_Source\PSoC4 -- -yv2 -q10 -ygs -o2 -v3 -.fftcfgtype=LE
Elaborating Design...
HDL Generation...
Synthesis...
Tech Mapping...
Analog Placement...
Analog Routing...
Analog Code Generation...
Digital Placement...
Digital Routing...
Bitstream Generation...
Bitstream Verification...
Static timing analysis...
API Generation...
Dependency Generation...
Cleanup...
arm-none-eabi-gcc.exe -mcpu=cortex-m0 -mthumb -I.\source\bsw -I.\source\asw -I. -IGenerated_Source\PSoC4 -Wa,-alh=.\CortexM0\ARM_GCC_541\Debug/cyfitter_cfg.lst -g -D DEBUG -D CY_CORE_ID=0 -Wall -ffunction-sections -ffat-lto-objects -Og -c Generated_Source\PSoC4\cyfitter_cfg.c -o .\CortexM0\ARM_GCC_541\Debug\cyfitter_cfg.o
arm-none-eabi-ar.exe -rs .\CortexM0\ARM_GCC_541\Debug\05_Watchdog.a .\CortexM0\ARM_GCC_541\Debug\WDT.o .\CortexM0\ARM_GCC_541\Debug\WDT_PM.o .\CortexM0\ARM_GCC_541\Debug\isr_WD_trigger.o .\CortexM0\ARM_GCC_541\Debug\WDA.o .\CortexM0\ARM_GCC_541\Debug\WDA_PM.o .\CortexM0\ARM_GCC_541\Debug\CFG0.o .\CortexM0\ARM_GCC_541\Debug\CFG0_PM.o .\CortexM0\ARM_GCC_541\Debug\CFG1.o .\CortexM0\ARM_GCC_541\Debug\CFG1_PM.o .\CortexM0\ARM_GCC_541\Debug\CFG2.o .\CortexM0\ARM_GCC_541\Debug\CFG2_PM.o .\CortexM0\ARM_GCC_541\Debug\CFG3.o .\CortexM0\ARM_GCC_541\Debug\CFG3_PM.o .\CortexM0\ARM_GCC_541\Debug\GP0.o .\CortexM0\ARM_GCC_541\Debug\GP0_PM.o .\CortexM0\ARM_GCC_541\Debug\GP1.o .\CortexM0\ARM_GCC_541\Debug\GP1_PM.o .\CortexM0\ARM_GCC_541\Debug\GP2.o .\CortexM0\ARM_GCC_541\Debug\GP2_PM.o .\CortexM0\ARM_GCC_541\Debug\I2C.o .\CortexM0\ARM_GCC_541\Debug\I2C_I2C_INT.o .\CortexM0\ARM_GCC_541\Debug\I2C_I2C.o .\CortexM0\ARM_GCC_541\Debug\I2C_I2C_BOOT.o .\CortexM0\ARM_GCC_541\Debug\I2C_I2C_SLAVE.o .\CortexM0\ARM_GCC_541\Debug\I2C_PM.o .\CortexM0\ARM_GCC_541\Debug\I2C_BOOT.o .\CortexM0\ARM_GCC_541\Debug\I2C_SCBCLK.o .\CortexM0\ARM_GCC_541\Debug\I2C_sda.o .\CortexM0\ARM_GCC_541\Debug\I2C_sda_PM.o .\CortexM0\ARM_GCC_541\Debug\I2C_scl.o .\CortexM0\ARM_GCC_541\Debug\I2C_scl_PM.o .\CortexM0\ARM_GCC_541\Debug\I2C_SCB_IRQ.o .\CortexM0\ARM_GCC_541\Debug\cy_em_eeprom.o .\CortexM0\ARM_GCC_541\Debug\CyFlash.o .\CortexM0\ARM_GCC_541\Debug\CyLib.o .\CortexM0\ARM_GCC_541\Debug\cyPm.o .\CortexM0\ARM_GCC_541\Debug\cyutils.o .\CortexM0\ARM_GCC_541\Debug\CyLFClk.o .\CortexM0\ARM_GCC_541\Debug\isr_WD_reset.o .\CortexM0\ARM_GCC_541\Debug\CyBootAsmGnu.o
arm-none-eabi-ar.exe: creating .\CortexM0\ARM_GCC_541\Debug\05_Watchdog.a
arm-none-eabi-gcc.exe -Wl,--start-group -o D:\50_HDA\60_Lehre\40_Vorlesungen\17_SECS\20_Lecture\__work\05_Watchdog.cydsn\CortexM0\ARM_GCC_541\Debug\05_Watchdog.elf .\CortexM0\ARM_GCC_541\Debug\main.o .\CortexM0\ARM_GCC_541\Debug\watchdog.o .\CortexM0\ARM_GCC_541\Debug\statemachine.o .\CortexM0\ARM_GCC_541\Debug\watchdog_cfg.o .\CortexM0\ARM_GCC_541\Debug\dip.o .\CortexM0\ARM_GCC_541\Debug\gpio.o .\CortexM0\ARM_GCC_541\Debug\cyfitter_cfg.o .\CortexM0\ARM_GCC_541\Debug\cymetadata.o .\CortexM0\ARM_GCC_541\Debug\Cm0Start.o .\CortexM0\ARM_GCC_541\Debug\05_Watchdog.a -mcpu=cortex-m0 -mthumb -L Generated_Source\PSoC4 -Wl,-Map,.\CortexM0\ARM_GCC_541\Debug/05_Watchdog.map -T Generated_Source\PSoC4\cm0gcc.ld -specs=nano.specs -Wl,--gc-sections -g -ffunction-sections -Og -ffat-lto-objects -Wl,--end-group
cyelftool.exe -C D:\50_HDA\60_Lehre\40_Vorlesungen\17_SECS\20_Lecture\__work\05_Watchdog.cydsn\CortexM0\ARM_GCC_541\Debug\05_Watchdog.elf --flash_row_size 64 --flash_size 16384 --flash_offset 0x00000000
No ELF section .cychecksum found, creating one
Application checksum calculated and stored in ELF section .cychecksum
Checksum calculated and stored in ELF section .cymeta
cyelftool.exe -S D:\50_HDA\60_Lehre\40_Vorlesungen\17_SECS\20_Lecture\__work\05_Watchdog.cydsn\CortexM0\ARM_GCC_541\Debug\05_Watchdog.elf
Flash used: 2848 of 16384 bytes (17,4 %).
SRAM used: 780 of 2048 bytes (38,1 %). Stack: 512 bytes. Heap: 0 bytes.
--------------- Build Succeeded: 06/28/2020 17:27:12 ---------------
