--------------- Build Started: 06/09/2020 18:21:21 Project: 30_PSOC2_SingleChannel_RTE, Configuration: ARM GCC 5.4-2016-q2-update Debug ---------------
The code generation step is up to date.
arm-none-eabi-gcc.exe -mcpu=cortex-m3 -mthumb -I.\source\asw -I.\source\bsw -I.\source\bsw\TraceRecorder -I.\source\bsw\TraceRecorder\config -I.\source\bsw\TraceRecorder\include -I.\source\bsw\TraceRecorder\streamport -I.\source\bsw\Services -I.\source\bsw\Board -I.\source\rte -I. -IGenerated_Source\PSoC5 -Wa,-alh=.\CortexM3\ARM_GCC_541\Debug/swc_control.lst -g -D DEBUG -D CY_CORE_ID=0 -Wall -ffunction-sections -ffat-lto-objects -Og -c source\asw\swc_control.c -o .\CortexM3\ARM_GCC_541\Debug\swc_control.o
In file included from Generated_Source\PSoC5/ErikaOS_1_ee_api.inc:73:0,
                 from Generated_Source\PSoC5/ErikaOS_1_ee.h:129,
                 from Generated_Source\PSoC5/project.h:22,
                 from .\source\bsw/global.h:66,
                 from .\source\rte/rte.h:80,
                 from source\asw\swc_control.c:6:
.\source\bsw\Services/ringbuffer.h: In function 'Ringbuffer_Write':
Generated_Source\PSoC5/ErikaOS_1_ee_oo_api.inc:136:35: warning: implicit declaration of function 'EE_oo_GetResource' [-Wimplicit-function-declaration]
 #define GetResource               EE_oo_GetResource
                                   ^
.\source\bsw\Services/ringbuffer.h:78:9: note: in expansion of macro 'GetResource'
         GetResource(rb->erika_ressource);
         ^
Generated_Source\PSoC5/ErikaOS_1_ee_oo_api.inc:140:35: warning: implicit declaration of function 'EE_oo_ReleaseResource' [-Wimplicit-function-declaration]
 #define ReleaseResource           EE_oo_ReleaseResource
                                   ^
.\source\bsw\Services/ringbuffer.h:99:9: note: in expansion of macro 'ReleaseResource'
         ReleaseResource(rb->erika_ressource);
         ^
source\asw\swc_control.c: In function 'CTRL_checkUserInput_run':
source\asw\swc_control.c:60:10: warning: variable 'result' set but not used [-Wunused-but-set-variable]
     RC_t result = RC_SUCCESS;
          ^
source\asw\swc_control.c: In function 'CTRL__engineStop':
source\asw\swc_control.c:302:10: warning: variable 'result' set but not used [-Wunused-but-set-variable]
     RC_t result = RC_SUCCESS;
          ^
source\asw\swc_control.c: In function 'CTRL__setTargetSpeed':
source\asw\swc_control.c:335:10: warning: variable 'result' set but not used [-Wunused-but-set-variable]
     RC_t result = RC_SUCCESS;
          ^
source\asw\swc_control.c: In function 'CTRL__reduceTargetSpeed':
source\asw\swc_control.c:380:10: warning: variable 'result' set but not used [-Wunused-but-set-variable]
     RC_t result = RC_SUCCESS;
          ^
source\asw\swc_control.c: In function 'CTRL__engineIsStopped':
source\asw\swc_control.c:462:10: warning: unused variable 'result' [-Wunused-variable]
     RC_t result = RC_SUCCESS;
          ^
source\asw\swc_control.c: At top level:
source\asw\swc_control.c:318:13: warning: 'CTRL__engineStart' defined but not used [-Wunused-function]
 static void CTRL__engineStart(CARSTATE_data_t *const cardata)
             ^
arm-none-eabi-gcc.exe -mcpu=cortex-m3 -mthumb -I.\source\asw -I.\source\bsw -I.\source\bsw\TraceRecorder -I.\source\bsw\TraceRecorder\config -I.\source\bsw\TraceRecorder\include -I.\source\bsw\TraceRecorder\streamport -I.\source\bsw\Services -I.\source\bsw\Board -I.\source\rte -I. -IGenerated_Source\PSoC5 -Wa,-alh=.\CortexM3\ARM_GCC_541\Debug/pedal_type.lst -g -D DEBUG -D CY_CORE_ID=0 -Wall -ffunction-sections -ffat-lto-objects -Og -c source\rte\pedal_type.c -o .\CortexM3\ARM_GCC_541\Debug\pedal_type.o
In file included from Generated_Source\PSoC5/ErikaOS_1_ee_api.inc:73:0,
                 from Generated_Source\PSoC5/ErikaOS_1_ee.h:129,
                 from Generated_Source\PSoC5/project.h:22,
                 from source\rte\pedal_type.c:8:
.\source\bsw\Services/ringbuffer.h: In function 'Ringbuffer_Write':
Generated_Source\PSoC5/ErikaOS_1_ee_oo_api.inc:136:35: warning: implicit declaration of function 'EE_oo_GetResource' [-Wimplicit-function-declaration]
 #define GetResource               EE_oo_GetResource
                                   ^
.\source\bsw\Services/ringbuffer.h:78:9: note: in expansion of macro 'GetResource'
         GetResource(rb->erika_ressource);
         ^
Generated_Source\PSoC5/ErikaOS_1_ee_oo_api.inc:140:35: warning: implicit declaration of function 'EE_oo_ReleaseResource' [-Wimplicit-function-declaration]
 #define ReleaseResource           EE_oo_ReleaseResource
                                   ^
.\source\bsw\Services/ringbuffer.h:99:9: note: in expansion of macro 'ReleaseResource'
         ReleaseResource(rb->erika_ressource);
         ^
arm-none-eabi-ar.exe -rs .\CortexM3\ARM_GCC_541\Debug\30_PSOC2_SingleChannel_RTE.a .\CortexM3\ARM_GCC_541\Debug\ErikaOS_1_ee_activate.o .\CortexM3\ARM_GCC_541\Debug\ErikaOS_1_ee_alcancel.o .\CortexM3\ARM_GCC_541\Debug\ErikaOS_1_ee_alget.o .\CortexM3\ARM_GCC_541\Debug\ErikaOS_1_ee_algetbase.o .\CortexM3\ARM_GCC_541\Debug\ErikaOS_1_ee_alsetabs.o .\CortexM3\ARM_GCC_541\Debug\ErikaOS_1_ee_alsetrel.o .\CortexM3\ARM_GCC_541\Debug\ErikaOS_1_ee_altick.o .\CortexM3\ARM_GCC_541\Debug\ErikaOS_1_ee_chaintas.o .\CortexM3\ARM_GCC_541\Debug\ErikaOS_1_ee_evclear.o .\CortexM3\ARM_GCC_541\Debug\ErikaOS_1_ee_evget.o .\CortexM3\ARM_GCC_541\Debug\ErikaOS_1_ee_evset.o .\CortexM3\ARM_GCC_541\Debug\ErikaOS_1_ee_evwait.o .\CortexM3\ARM_GCC_541\Debug\ErikaOS_1_ee_force_schedule.o .\CortexM3\ARM_GCC_541\Debug\ErikaOS_1_ee_getcountervalue.o .\CortexM3\ARM_GCC_541\Debug\ErikaOS_1_ee_getelapsedvalue.o .\CortexM3\ARM_GCC_541\Debug\ErikaOS_1_ee_gettaskid.o .\CortexM3\ARM_GCC_541\Debug\ErikaOS_1_ee_gettaskstate.o .\CortexM3\ARM_GCC_541\Debug\ErikaOS_1_ee_iparam.o .\CortexM3\ARM_GCC_541\Debug\ErikaOS_1_ee_irqendin.o .\CortexM3\ARM_GCC_541\Debug\ErikaOS_1_ee_lockres.o .\CortexM3\ARM_GCC_541\Debug\ErikaOS_1_ee_lookup.o .\CortexM3\ARM_GCC_541\Debug\ErikaOS_1_ee_rq_exchg.o .\CortexM3\ARM_GCC_541\Debug\ErikaOS_1_ee_rq_first.o .\CortexM3\ARM_GCC_541\Debug\ErikaOS_1_ee_rq_inser.o .\CortexM3\ARM_GCC_541\Debug\ErikaOS_1_ee_schedule.o .\CortexM3\ARM_GCC_541\Debug\ErikaOS_1_ee_semgetvalue.o .\CortexM3\ARM_GCC_541\Debug\ErikaOS_1_ee_sempost.o .\CortexM3\ARM_GCC_541\Debug\ErikaOS_1_ee_semtrywait.o .\CortexM3\ARM_GCC_541\Debug\ErikaOS_1_ee_semwait.o .\CortexM3\ARM_GCC_541\Debug\ErikaOS_1_ee_shtdown.o .\CortexM3\ARM_GCC_541\Debug\ErikaOS_1_ee_startos.o .\CortexM3\ARM_GCC_541\Debug\ErikaOS_1_ee_terminat.o .\CortexM3\ARM_GCC_541\Debug\ErikaOS_1_ee_thendin.o .\CortexM3\ARM_GCC_541\Debug\ErikaOS_1_ee_tnterm.o .\CortexM3\ARM_GCC_541\Debug\ErikaOS_1_ee_tstub.o .\CortexM3\ARM_GCC_541\Debug\ErikaOS_1_ee_ulockallres.o .\CortexM3\ARM_GCC_541\Debug\ErikaOS_1_ee_ulockres.o .\CortexM3\ARM_GCC_541\Debug\ErikaOS_1_cortex_mx_ee_context.o .\CortexM3\ARM_GCC_541\Debug\ErikaOS_1_cortex_mx_ee_system_timer.o .\CortexM3\ARM_GCC_541\Debug\ErikaOS_1_cortex_mx_ee_utils.o .\CortexM3\ARM_GCC_541\Debug\ErikaOS_1_common_ee_hal_structs.o .\CortexM3\ARM_GCC_541\Debug\ErikaOS_1_eecfg.o .\CortexM3\ARM_GCC_541\Debug\EB_4.o .\CortexM3\ARM_GCC_541\Debug\EB_3.o .\CortexM3\ARM_GCC_541\Debug\EB_2.o .\CortexM3\ARM_GCC_541\Debug\EB_7.o .\CortexM3\ARM_GCC_541\Debug\EB_8.o .\CortexM3\ARM_GCC_541\Debug\EB_9.o .\CortexM3\ARM_GCC_541\Debug\EB_10.o .\CortexM3\ARM_GCC_541\Debug\LED_4.o .\CortexM3\ARM_GCC_541\Debug\EB_1.o .\CortexM3\ARM_GCC_541\Debug\EB_5.o .\CortexM3\ARM_GCC_541\Debug\BUTTON_1.o .\CortexM3\ARM_GCC_541\Debug\isr_Button.o .\CortexM3\ARM_GCC_541\Debug\BUTTON_2.o .\CortexM3\ARM_GCC_541\Debug\BUTTON_3.o .\CortexM3\ARM_GCC_541\Debug\BUTTON_4.o .\CortexM3\ARM_GCC_541\Debug\LED_1.o .\CortexM3\ARM_GCC_541\Debug\LED_3.o .\CortexM3\ARM_GCC_541\Debug\LED_2.o .\CortexM3\ARM_GCC_541\Debug\UART_LOG.o .\CortexM3\ARM_GCC_541\Debug\UART_LOG_PM.o .\CortexM3\ARM_GCC_541\Debug\UART_LOG_INT.o .\CortexM3\ARM_GCC_541\Debug\UART_LOG_BOOT.o .\CortexM3\ARM_GCC_541\Debug\UART_PSOC.o .\CortexM3\ARM_GCC_541\Debug\UART_PSOC_PM.o .\CortexM3\ARM_GCC_541\Debug\UART_PSOC_INT.o .\CortexM3\ARM_GCC_541\Debug\UART_PSOC_BOOT.o .\CortexM3\ARM_GCC_541\Debug\ENGINE_PWM.o .\CortexM3\ARM_GCC_541\Debug\ENGINE_PWM_PM.o .\CortexM3\ARM_GCC_541\Debug\Pin_Safe_1.o .\CortexM3\ARM_GCC_541\Debug\Pin_Safe_2.o .\CortexM3\ARM_GCC_541\Debug\EB_Status_Reg_2.o .\CortexM3\ARM_GCC_541\Debug\EB_6.o .\CortexM3\ARM_GCC_541\Debug\USBUART.o .\CortexM3\ARM_GCC_541\Debug\USBUART_audio.o .\CortexM3\ARM_GCC_541\Debug\USBUART_boot.o .\CortexM3\ARM_GCC_541\Debug\USBUART_cdc.o .\CortexM3\ARM_GCC_541\Debug\USBUART_cls.o .\CortexM3\ARM_GCC_541\Debug\USBUART_descr.o .\CortexM3\ARM_GCC_541\Debug\USBUART_drv.o .\CortexM3\ARM_GCC_541\Debug\USBUART_episr.o .\CortexM3\ARM_GCC_541\Debug\USBUART_hid.o .\CortexM3\ARM_GCC_541\Debug\USBUART_pm.o .\CortexM3\ARM_GCC_541\Debug\USBUART_std.o .\CortexM3\ARM_GCC_541\Debug\USBUART_vnd.o .\CortexM3\ARM_GCC_541\Debug\USBUART_midi.o .\CortexM3\ARM_GCC_541\Debug\USBUART_msc.o .\CortexM3\ARM_GCC_541\Debug\Clock_SR.o .\CortexM3\ARM_GCC_541\Debug\EB_Status_Reg_1.o .\CortexM3\ARM_GCC_541\Debug\Pin_AnalogIN_1.o .\CortexM3\ARM_GCC_541\Debug\Pin_AnalogIN_3.o .\CortexM3\ARM_GCC_541\Debug\SCL.o .\CortexM3\ARM_GCC_541\Debug\SDA.o .\CortexM3\ARM_GCC_541\Debug\I2C.o .\CortexM3\ARM_GCC_541\Debug\I2C_BOOT.o .\CortexM3\ARM_GCC_541\Debug\I2C_INT.o .\CortexM3\ARM_GCC_541\Debug\I2C_PM.o .\CortexM3\ARM_GCC_541\Debug\I2C_SLAVE.o .\CortexM3\ARM_GCC_541\Debug\I2C_MASTER.o .\CortexM3\ARM_GCC_541\Debug\Clock_PWM.o .\CortexM3\ARM_GCC_541\Debug\ENGINE_DECODER.o .\CortexM3\ARM_GCC_541\Debug\ENGINE_DECODER_INT.o .\CortexM3\ARM_GCC_541\Debug\ENGINE_DECODER_PM.o .\CortexM3\ARM_GCC_541\Debug\Pin_Encoder_A.o .\CortexM3\ARM_GCC_541\Debug\Pin_Encoder_B.o .\CortexM3\ARM_GCC_541\Debug\ENGINE_Direction.o .\CortexM3\ARM_GCC_541\Debug\ENGINE_Direction_PM.o .\CortexM3\ARM_GCC_541\Debug\Pin_Engine_Mode_1.o .\CortexM3\ARM_GCC_541\Debug\Pin_Engine_Mode_2.o .\CortexM3\ARM_GCC_541\Debug\Pin_AnalogIN_2.o .\CortexM3\ARM_GCC_541\Debug\Pin_Engine_PWM.o .\CortexM3\ARM_GCC_541\Debug\UART_LOG_IntClock.o .\CortexM3\ARM_GCC_541\Debug\UART_PSOC_IntClock.o .\CortexM3\ARM_GCC_541\Debug\USBUART_Dm.o .\CortexM3\ARM_GCC_541\Debug\USBUART_Dp.o .\CortexM3\ARM_GCC_541\Debug\ENGINE_DECODER_isr.o .\CortexM3\ARM_GCC_541\Debug\ENGINE_DECODER_Cnt16.o .\CortexM3\ARM_GCC_541\Debug\ENGINE_DECODER_Cnt16_PM.o .\CortexM3\ARM_GCC_541\Debug\cy_em_eeprom.o .\CortexM3\ARM_GCC_541\Debug\CyDmac.o .\CortexM3\ARM_GCC_541\Debug\CyFlash.o .\CortexM3\ARM_GCC_541\Debug\CyLib.o .\CortexM3\ARM_GCC_541\Debug\cyPm.o .\CortexM3\ARM_GCC_541\Debug\CySpc.o .\CortexM3\ARM_GCC_541\Debug\cyutils.o .\CortexM3\ARM_GCC_541\Debug\ADC_SAR_1.o .\CortexM3\ARM_GCC_541\Debug\ADC_SAR_1_INT.o .\CortexM3\ARM_GCC_541\Debug\ADC_SAR_1_PM.o .\CortexM3\ARM_GCC_541\Debug\ADC_SAR_2.o .\CortexM3\ARM_GCC_541\Debug\ADC_SAR_2_INT.o .\CortexM3\ARM_GCC_541\Debug\ADC_SAR_2_PM.o .\CortexM3\ARM_GCC_541\Debug\ADC_SAR_1_IRQ.o .\CortexM3\ARM_GCC_541\Debug\ADC_SAR_1_theACLK.o .\CortexM3\ARM_GCC_541\Debug\ADC_SAR_2_IRQ.o .\CortexM3\ARM_GCC_541\Debug\ADC_SAR_2_theACLK.o .\CortexM3\ARM_GCC_541\Debug\ErikaOS_1_ee_gnu_change_context_isr.o .\CortexM3\ARM_GCC_541\Debug\ErikaOS_1_ee_gnu_irq_stack.o .\CortexM3\ARM_GCC_541\Debug\ErikaOS_1_ee_gnu_multi_context.o .\CortexM3\ARM_GCC_541\Debug\ErikaOS_1_ee_gnu_oo.o .\CortexM3\ARM_GCC_541\Debug\CyBootAsmGnu.o
arm-none-eabi-ar.exe: creating .\CortexM3\ARM_GCC_541\Debug\30_PSOC2_SingleChannel_RTE.a
arm-none-eabi-gcc.exe -Wl,--start-group -o D:\50_HDA\60_Lehre\40_Vorlesungen\17_SECS\20_Lecture\__work\30_PSOC2_SingleChannel_RTE.cydsn\CortexM3\ARM_GCC_541\Debug\30_PSOC2_SingleChannel_RTE.elf .\CortexM3\ARM_GCC_541\Debug\main.o .\CortexM3\ARM_GCC_541\Debug\swc_control.o .\CortexM3\ARM_GCC_541\Debug\swc_pedal.o .\CortexM3\ARM_GCC_541\Debug\swc_engine.o .\CortexM3\ARM_GCC_541\Debug\trcStreamingPort.o .\CortexM3\ARM_GCC_541\Debug\trcKernelPort.o .\CortexM3\ARM_GCC_541\Debug\trcSnapshotRecorder.o .\CortexM3\ARM_GCC_541\Debug\trcStreamingRecorder.o .\CortexM3\ARM_GCC_541\Debug\button.o .\CortexM3\ARM_GCC_541\Debug\led.o .\CortexM3\ARM_GCC_541\Debug\poti.o .\CortexM3\ARM_GCC_541\Debug\engine.o .\CortexM3\ARM_GCC_541\Debug\SSD1306.o .\CortexM3\ARM_GCC_541\Debug\vI2C_noOS.o .\CortexM3\ARM_GCC_541\Debug\engine_cfg.o .\CortexM3\ARM_GCC_541\Debug\logging.o .\CortexM3\ARM_GCC_541\Debug\rte.o .\CortexM3\ARM_GCC_541\Debug\rte_activation.o .\CortexM3\ARM_GCC_541\Debug\rte_signalpool.o .\CortexM3\ARM_GCC_541\Debug\speed_type.o .\CortexM3\ARM_GCC_541\Debug\pedal_type.o .\CortexM3\ARM_GCC_541\Debug\button_type.o .\CortexM3\ARM_GCC_541\Debug\pwm_type.o .\CortexM3\ARM_GCC_541\Debug\carstate_type.o .\CortexM3\ARM_GCC_541\Debug\event_type.o .\CortexM3\ARM_GCC_541\Debug\led_type.o .\CortexM3\ARM_GCC_541\Debug\cyfitter_cfg.o .\CortexM3\ARM_GCC_541\Debug\cymetadata.o .\CortexM3\ARM_GCC_541\Debug\Cm3Start.o .\CortexM3\ARM_GCC_541\Debug\30_PSOC2_SingleChannel_RTE.a "C:\tool\Cypress\PSoC Creator\4.2\PSoC Creator\psoc\content\cycomponentlibrary\CyComponentLibrary.cylib\CortexM3\ARM_GCC_541\Debug\CyComponentLibrary.a" -mcpu=cortex-m3 -mthumb -L Generated_Source\PSoC5 -Wl,-Map,.\CortexM3\ARM_GCC_541\Debug/30_PSOC2_SingleChannel_RTE.map -T Generated_Source\PSoC5\cm3gcc.ld -specs=nano.specs -Wl,--gc-sections -g -ffunction-sections -Og -ffat-lto-objects -Wl,--end-group
cyelftool.exe -C D:\50_HDA\60_Lehre\40_Vorlesungen\17_SECS\20_Lecture\__work\30_PSOC2_SingleChannel_RTE.cydsn\CortexM3\ARM_GCC_541\Debug\30_PSOC2_SingleChannel_RTE.elf --flash_row_size 256 --flash_size 262144 --flash_offset 0x00000000
No ELF section .cychecksum found, creating one
Application checksum calculated and stored in ELF section .cychecksum
Checksum calculated and stored in ELF section .cymeta
cyelftool.exe -S D:\50_HDA\60_Lehre\40_Vorlesungen\17_SECS\20_Lecture\__work\30_PSOC2_SingleChannel_RTE.cydsn\CortexM3\ARM_GCC_541\Debug\30_PSOC2_SingleChannel_RTE.elf
Flash used: 30798 of 262144 bytes (11,7 %).
SRAM used: 14193 of 65536 bytes (21,7 %). Stack: 2048 bytes. Heap: 128 bytes.
--------------- Build Succeeded: 06/09/2020 18:21:24 ---------------
