--------------- Build Started: 11/26/2019 18:44:55 Project: chapter_05_02_MP3, Configuration: ARM GCC 5.4-2016-q2-update Debug ---------------
cydsfit.exe -.appdatapath "C:\Users\Fromm\AppData\Local\Cypress Semiconductor\PSoC Creator\4.2" -.fdsnotice -.fdswarpdepfile=warp_dependencies.txt -.fdselabdepfile=elab_dependencies.txt -.fdsbldfile=generated_files.txt -.fdsreffile=referenced_files.txt -p D:\50_HDA\60_Lehre\40_Vorlesungen\10_EOS\20_Lecture_PO2019\050_StatemachineBasic\work\chapter_05_02_MP3.cydsn\chapter_05_02_MP3.cyprj -d CY8C5888LTQ-LP097 -s D:\50_HDA\60_Lehre\40_Vorlesungen\10_EOS\20_Lecture_PO2019\050_StatemachineBasic\work\chapter_05_02_MP3.cydsn\Generated_Source\PSoC5 -- -yv2 -q10 -ygs -o2 -v3 -.fftcfgtype=LE
Elaborating Design...
HDL Generation...
Synthesis...
Tech Mapping...
Analog Placement...
Analog Routing...
Analog Code Generation...
Digital Placement...
Digital Routing...
Bitstream Generation...
Bitstream Verification...
Static timing analysis...
API Generation...
Dependency Generation...
Cleanup...
arm-none-eabi-gcc.exe -mcpu=cortex-m3 -mthumb -I.\source\asw -I.\source\bsw -I. -IGenerated_Source\PSoC5 -Wa,-alh=.\CortexM3\ARM_GCC_541\Debug/main.lst -g -D DEBUG -D CY_CORE_ID=0 -Wall -ffunction-sections -ffat-lto-objects -Og -c source\asw\main.c -o .\CortexM3\ARM_GCC_541\Debug\main.o
source\asw\main.c: In function 'Functsk_control':
source\asw\main.c:185:18: warning: unused variable 'result' [-Wunused-variable]
             RC_t result = MP3_ProcessEvent(nextEvent);
                  ^
source\asw\main.c:169:20: warning: unused variable 'count' [-Wunused-variable]
     static uint8_t count = 0;
                    ^
arm-none-eabi-gcc.exe -mcpu=cortex-m3 -mthumb -I.\source\asw -I.\source\bsw -I. -IGenerated_Source\PSoC5 -Wa,-alh=.\CortexM3\ARM_GCC_541\Debug/sound.lst -g -D DEBUG -D CY_CORE_ID=0 -Wall -ffunction-sections -ffat-lto-objects -Og -c source\asw\sound.c -o .\CortexM3\ARM_GCC_541\Debug\sound.o
arm-none-eabi-gcc.exe -mcpu=cortex-m3 -mthumb -I.\source\asw -I.\source\bsw -I. -IGenerated_Source\PSoC5 -Wa,-alh=.\CortexM3\ARM_GCC_541\Debug/sound_data.lst -g -D DEBUG -D CY_CORE_ID=0 -Wall -ffunction-sections -ffat-lto-objects -Og -c source\asw\sound_data.c -o .\CortexM3\ARM_GCC_541\Debug\sound_data.o
arm-none-eabi-gcc.exe -mcpu=cortex-m3 -mthumb -I.\source\asw -I.\source\bsw -I. -IGenerated_Source\PSoC5 -Wa,-alh=.\CortexM3\ARM_GCC_541\Debug/CastleOfGlass.lst -g -D DEBUG -D CY_CORE_ID=0 -Wall -ffunction-sections -ffat-lto-objects -Og -c source\asw\CastleOfGlass.c -o .\CortexM3\ARM_GCC_541\Debug\CastleOfGlass.o
arm-none-eabi-gcc.exe -mcpu=cortex-m3 -mthumb -I.\source\asw -I.\source\bsw -I. -IGenerated_Source\PSoC5 -Wa,-alh=.\CortexM3\ARM_GCC_541\Debug/valerie.lst -g -D DEBUG -D CY_CORE_ID=0 -Wall -ffunction-sections -ffat-lto-objects -Og -c source\asw\valerie.c -o .\CortexM3\ARM_GCC_541\Debug\valerie.o
arm-none-eabi-gcc.exe -mcpu=cortex-m3 -mthumb -I.\source\asw -I.\source\bsw -I. -IGenerated_Source\PSoC5 -Wa,-alh=.\CortexM3\ARM_GCC_541\Debug/mp3.lst -g -D DEBUG -D CY_CORE_ID=0 -Wall -ffunction-sections -ffat-lto-objects -Og -c source\asw\mp3.c -o .\CortexM3\ARM_GCC_541\Debug\mp3.o
arm-none-eabi-gcc.exe -mcpu=cortex-m3 -mthumb -I.\source\asw -I.\source\bsw -I. -IGenerated_Source\PSoC5 -Wa,-alh=.\CortexM3\ARM_GCC_541\Debug/button.lst -g -D DEBUG -D CY_CORE_ID=0 -Wall -ffunction-sections -ffat-lto-objects -Og -c source\bsw\button.c -o .\CortexM3\ARM_GCC_541\Debug\button.o
arm-none-eabi-gcc.exe -mcpu=cortex-m3 -mthumb -I.\source\asw -I.\source\bsw -I. -IGenerated_Source\PSoC5 -Wa,-alh=.\CortexM3\ARM_GCC_541\Debug/led.lst -g -D DEBUG -D CY_CORE_ID=0 -Wall -ffunction-sections -ffat-lto-objects -Og -c source\bsw\led.c -o .\CortexM3\ARM_GCC_541\Debug\led.o
arm-none-eabi-gcc.exe -mcpu=cortex-m3 -mthumb -I.\source\asw -I.\source\bsw -I. -IGenerated_Source\PSoC5 -Wa,-alh=.\CortexM3\ARM_GCC_541\Debug/seven.lst -g -D DEBUG -D CY_CORE_ID=0 -Wall -ffunction-sections -ffat-lto-objects -Og -c source\bsw\seven.c -o .\CortexM3\ARM_GCC_541\Debug\seven.o
arm-none-eabi-ar.exe -rs .\CortexM3\ARM_GCC_541\Debug\chapter_05_02_MP3.a .\CortexM3\ARM_GCC_541\Debug\SimpleSystem_ee_activate.o .\CortexM3\ARM_GCC_541\Debug\SimpleSystem_ee_alcancel.o .\CortexM3\ARM_GCC_541\Debug\SimpleSystem_ee_alget.o .\CortexM3\ARM_GCC_541\Debug\SimpleSystem_ee_algetbase.o .\CortexM3\ARM_GCC_541\Debug\SimpleSystem_ee_alsetabs.o .\CortexM3\ARM_GCC_541\Debug\SimpleSystem_ee_alsetrel.o .\CortexM3\ARM_GCC_541\Debug\SimpleSystem_ee_altick.o .\CortexM3\ARM_GCC_541\Debug\SimpleSystem_ee_chaintas.o .\CortexM3\ARM_GCC_541\Debug\SimpleSystem_ee_evclear.o .\CortexM3\ARM_GCC_541\Debug\SimpleSystem_ee_evget.o .\CortexM3\ARM_GCC_541\Debug\SimpleSystem_ee_evset.o .\CortexM3\ARM_GCC_541\Debug\SimpleSystem_ee_evwait.o .\CortexM3\ARM_GCC_541\Debug\SimpleSystem_ee_force_schedule.o .\CortexM3\ARM_GCC_541\Debug\SimpleSystem_ee_getcountervalue.o .\CortexM3\ARM_GCC_541\Debug\SimpleSystem_ee_getelapsedvalue.o .\CortexM3\ARM_GCC_541\Debug\SimpleSystem_ee_gettaskid.o .\CortexM3\ARM_GCC_541\Debug\SimpleSystem_ee_gettaskstate.o .\CortexM3\ARM_GCC_541\Debug\SimpleSystem_ee_iparam.o .\CortexM3\ARM_GCC_541\Debug\SimpleSystem_ee_irqendin.o .\CortexM3\ARM_GCC_541\Debug\SimpleSystem_ee_lockres.o .\CortexM3\ARM_GCC_541\Debug\SimpleSystem_ee_lookup.o .\CortexM3\ARM_GCC_541\Debug\SimpleSystem_ee_rq_exchg.o .\CortexM3\ARM_GCC_541\Debug\SimpleSystem_ee_rq_first.o .\CortexM3\ARM_GCC_541\Debug\SimpleSystem_ee_rq_inser.o .\CortexM3\ARM_GCC_541\Debug\SimpleSystem_ee_schedule.o .\CortexM3\ARM_GCC_541\Debug\SimpleSystem_ee_semgetvalue.o .\CortexM3\ARM_GCC_541\Debug\SimpleSystem_ee_sempost.o .\CortexM3\ARM_GCC_541\Debug\SimpleSystem_ee_semtrywait.o .\CortexM3\ARM_GCC_541\Debug\SimpleSystem_ee_semwait.o .\CortexM3\ARM_GCC_541\Debug\SimpleSystem_ee_shtdown.o .\CortexM3\ARM_GCC_541\Debug\SimpleSystem_ee_startos.o .\CortexM3\ARM_GCC_541\Debug\SimpleSystem_ee_terminat.o .\CortexM3\ARM_GCC_541\Debug\SimpleSystem_ee_thendin.o .\CortexM3\ARM_GCC_541\Debug\SimpleSystem_ee_tnterm.o .\CortexM3\ARM_GCC_541\Debug\SimpleSystem_ee_tstub.o .\CortexM3\ARM_GCC_541\Debug\SimpleSystem_ee_ulockallres.o .\CortexM3\ARM_GCC_541\Debug\SimpleSystem_ee_ulockres.o .\CortexM3\ARM_GCC_541\Debug\SimpleSystem_cortex_mx_ee_context.o .\CortexM3\ARM_GCC_541\Debug\SimpleSystem_cortex_mx_ee_system_timer.o .\CortexM3\ARM_GCC_541\Debug\SimpleSystem_cortex_mx_ee_utils.o .\CortexM3\ARM_GCC_541\Debug\SimpleSystem_common_ee_hal_structs.o .\CortexM3\ARM_GCC_541\Debug\SimpleSystem_eecfg.o .\CortexM3\ARM_GCC_541\Debug\SEVEN_C.o .\CortexM3\ARM_GCC_541\Debug\SEVEN_B.o .\CortexM3\ARM_GCC_541\Debug\SEVEN_A.o .\CortexM3\ARM_GCC_541\Debug\SEVEN_D.o .\CortexM3\ARM_GCC_541\Debug\SEVEN_E.o .\CortexM3\ARM_GCC_541\Debug\SEVEN_F.o .\CortexM3\ARM_GCC_541\Debug\SEVEN_G.o .\CortexM3\ARM_GCC_541\Debug\SEVEN_DP.o .\CortexM3\ARM_GCC_541\Debug\SEVEN_SELECT.o .\CortexM3\ARM_GCC_541\Debug\SEVEN_reg.o .\CortexM3\ARM_GCC_541\Debug\SEVEN_reg_PM.o .\CortexM3\ARM_GCC_541\Debug\BUTTON_1.o .\CortexM3\ARM_GCC_541\Debug\isr_Button.o .\CortexM3\ARM_GCC_541\Debug\BUTTON_2.o .\CortexM3\ARM_GCC_541\Debug\BUTTON_3.o .\CortexM3\ARM_GCC_541\Debug\BUTTON_4.o .\CortexM3\ARM_GCC_541\Debug\LED_red.o .\CortexM3\ARM_GCC_541\Debug\LED_yellow.o .\CortexM3\ARM_GCC_541\Debug\LED_green.o .\CortexM3\ARM_GCC_541\Debug\UART_LOG.o .\CortexM3\ARM_GCC_541\Debug\UART_LOG_PM.o .\CortexM3\ARM_GCC_541\Debug\UART_LOG_INT.o .\CortexM3\ARM_GCC_541\Debug\UART_LOG_BOOT.o .\CortexM3\ARM_GCC_541\Debug\RGB_PWM_red.o .\CortexM3\ARM_GCC_541\Debug\RGB_PWM_red_PM.o .\CortexM3\ARM_GCC_541\Debug\PWM_Clock.o .\CortexM3\ARM_GCC_541\Debug\RGB_PWM_green.o .\CortexM3\ARM_GCC_541\Debug\RGB_PWM_green_PM.o .\CortexM3\ARM_GCC_541\Debug\RGB_PWM_blue.o .\CortexM3\ARM_GCC_541\Debug\RGB_PWM_blue_PM.o .\CortexM3\ARM_GCC_541\Debug\RGB_R.o .\CortexM3\ARM_GCC_541\Debug\RGB_G.o .\CortexM3\ARM_GCC_541\Debug\RGB_B.o .\CortexM3\ARM_GCC_541\Debug\SOUND_PWM.o .\CortexM3\ARM_GCC_541\Debug\SOUND_PWM_PM.o .\CortexM3\ARM_GCC_541\Debug\SOUND_MUX_0.o .\CortexM3\ARM_GCC_541\Debug\SOUND_MUX_1.o .\CortexM3\ARM_GCC_541\Debug\SOUND_Control.o .\CortexM3\ARM_GCC_541\Debug\SOUND_Control_PM.o .\CortexM3\ARM_GCC_541\Debug\SOUND_OUT.o .\CortexM3\ARM_GCC_541\Debug\UART_LOG_IntClock.o .\CortexM3\ARM_GCC_541\Debug\CyDmac.o .\CortexM3\ARM_GCC_541\Debug\CyFlash.o .\CortexM3\ARM_GCC_541\Debug\CyLib.o .\CortexM3\ARM_GCC_541\Debug\cyPm.o .\CortexM3\ARM_GCC_541\Debug\CySpc.o .\CortexM3\ARM_GCC_541\Debug\cyutils.o .\CortexM3\ARM_GCC_541\Debug\cy_em_eeprom.o .\CortexM3\ARM_GCC_541\Debug\SOUND_ENABLE.o .\CortexM3\ARM_GCC_541\Debug\isr_Timer.o .\CortexM3\ARM_GCC_541\Debug\SOUND_PWM_CLOCK.o .\CortexM3\ARM_GCC_541\Debug\SOUND_SAMPLE.o .\CortexM3\ARM_GCC_541\Debug\SOUND_SAMPLE_PM.o .\CortexM3\ARM_GCC_541\Debug\SOUND_SAMPLE_CLOCK.o .\CortexM3\ARM_GCC_541\Debug\SimpleSystem_ee_gnu_change_context_isr.o .\CortexM3\ARM_GCC_541\Debug\SimpleSystem_ee_gnu_irq_stack.o .\CortexM3\ARM_GCC_541\Debug\SimpleSystem_ee_gnu_multi_context.o .\CortexM3\ARM_GCC_541\Debug\SimpleSystem_ee_gnu_oo.o .\CortexM3\ARM_GCC_541\Debug\CyBootAsmGnu.o
arm-none-eabi-ar.exe: creating .\CortexM3\ARM_GCC_541\Debug\chapter_05_02_MP3.a
arm-none-eabi-gcc.exe -Wl,--start-group -o D:\50_HDA\60_Lehre\40_Vorlesungen\10_EOS\20_Lecture_PO2019\050_StatemachineBasic\work\chapter_05_02_MP3.cydsn\CortexM3\ARM_GCC_541\Debug\chapter_05_02_MP3.elf .\CortexM3\ARM_GCC_541\Debug\main.o .\CortexM3\ARM_GCC_541\Debug\sound.o .\CortexM3\ARM_GCC_541\Debug\sound_data.o .\CortexM3\ARM_GCC_541\Debug\CastleOfGlass.o .\CortexM3\ARM_GCC_541\Debug\valerie.o .\CortexM3\ARM_GCC_541\Debug\mp3.o .\CortexM3\ARM_GCC_541\Debug\button.o .\CortexM3\ARM_GCC_541\Debug\led.o .\CortexM3\ARM_GCC_541\Debug\seven.o .\CortexM3\ARM_GCC_541\Debug\cyfitter_cfg.o .\CortexM3\ARM_GCC_541\Debug\cymetadata.o .\CortexM3\ARM_GCC_541\Debug\Cm3Start.o .\CortexM3\ARM_GCC_541\Debug\chapter_05_02_MP3.a "C:\tool\Cypress\PSOC_Creator\PSoC Creator\4.2\PSoC Creator\psoc\content\cycomponentlibrary\CyComponentLibrary.cylib\CortexM3\ARM_GCC_541\Debug\CyComponentLibrary.a" -mcpu=cortex-m3 -mthumb -L Generated_Source\PSoC5 -Wl,-Map,.\CortexM3\ARM_GCC_541\Debug/chapter_05_02_MP3.map -T Generated_Source\PSoC5\cm3gcc.ld -specs=nano.specs -Wl,--gc-sections -g -ffunction-sections -Og -ffat-lto-objects -Wl,--end-group
cyelftool.exe -C D:\50_HDA\60_Lehre\40_Vorlesungen\10_EOS\20_Lecture_PO2019\050_StatemachineBasic\work\chapter_05_02_MP3.cydsn\CortexM3\ARM_GCC_541\Debug\chapter_05_02_MP3.elf --flash_row_size 256 --flash_size 262144 --flash_offset 0x00000000
No ELF section .cychecksum found, creating one
Application checksum calculated and stored in ELF section .cychecksum
Checksum calculated and stored in ELF section .cymeta
cyelftool.exe -S D:\50_HDA\60_Lehre\40_Vorlesungen\10_EOS\20_Lecture_PO2019\050_StatemachineBasic\work\chapter_05_02_MP3.cydsn\CortexM3\ARM_GCC_541\Debug\chapter_05_02_MP3.elf
Flash used: 172118 of 262144 bytes (65,7 %).
SRAM used: 3809 of 65536 bytes (5,8 %). Stack: 2048 bytes. Heap: 128 bytes.
--------------- Build Succeeded: 11/26/2019 18:45:09 ---------------
