This is pdfTeX, Version 3.141592653-2.6-1.40.27 (MiKTeX 25.4) (preloaded format=pdflatex 2025.8.21)  25 AUG 2025 09:30
entering extended mode
 restricted \write18 enabled.
 %&-line parsing enabled.
**./InternshipReport.tex
(InternshipReport.tex
LaTeX2e <2025-06-01> patch level 1
L3 programming layer <2025-07-20>
(settings.tex
(C:\Users\sesa807379\AppData\Local\Programs\MiKTeX\tex/latex/koma-script\scrboo
k.cls
Document Class: scrbook 2025/06/04 v3.45 KOMA-Script document class (book)

(C:\Users\sesa807379\AppData\Local\Programs\MiKTeX\tex/latex/koma-script\scrkba
se.sty
Package: scrkbase 2025/06/04 v3.45 KOMA-Script package (KOMA-Script-dependent b
asics and keyval usage)

(C:\Users\sesa807379\AppData\Local\Programs\MiKTeX\tex/latex/koma-script\scrbas
e.sty
Package: scrbase 2025/06/04 v3.45 KOMA-Script package (KOMA-Script-independent 
basics and keyval usage)

(C:\Users\sesa807379\AppData\Local\Programs\MiKTeX\tex/latex/koma-script\scrlfi
le.sty
Package: scrlfile 2025/06/04 v3.45 KOMA-Script package (file load hooks)

(C:\Users\sesa807379\AppData\Local\Programs\MiKTeX\tex/latex/koma-script\scrlfi
le-hook.sty
Package: scrlfile-hook 2025/06/04 v3.45 KOMA-Script package (using LaTeX hooks)


(C:\Users\sesa807379\AppData\Local\Programs\MiKTeX\tex/latex/koma-script\scrlog
o.sty
Package: scrlogo 2025/06/04 v3.45 KOMA-Script package (logo)
)))
(C:\Users\sesa807379\AppData\Local\Programs\MiKTeX\tex/latex/graphics\keyval.st
y
Package: keyval 2022/05/29 v1.15 key=value parser (DPC)
\KV@toks@=\toks17
)
Applying: [2021/05/01] Usage of raw or classic option list on input line 254.
Already applied: [0000/00/00] Usage of raw or classic option list on input line
 370.
))
(C:\Users\sesa807379\AppData\Local\Programs\MiKTeX\tex/latex/koma-script\tocbas
ic.sty
Package: tocbasic 2025/06/04 v3.45 KOMA-Script package (handling toc-files)
\scr@dte@tocline@numberwidth=\skip49
\scr@dte@tocline@numbox=\box53
)
Package tocbasic Info: omitting babel extension for `toc'
(tocbasic)             because of feature `nobabel' available
(tocbasic)             for `toc' on input line 137.
Package scrbook Info: You've used standard option `12pt'.
(scrbook)             This is correct!
(scrbook)             Internally I'm using `fontsize=12pt'.
(scrbook)             If you'd like to set the option with \KOMAoptions,
(scrbook)             you'd have to use `fontsize=12pt' there
(scrbook)             instead of `12pt', too.
Class scrbook Info: You've used standard option `openany'.
(scrbook)           This is correct!
(scrbook)           Internally I'm using `open=any'.
(scrbook)           If you'd like to set the option with \KOMAoptions,
(scrbook)           you'd have to use `open=any' there
(scrbook)           instead of `openany', too.
Class scrbook Info: File `scrsize12pt.clo' used to setup font sizes on input li
ne 2700.

(C:\Users\sesa807379\AppData\Local\Programs\MiKTeX\tex/latex/koma-script\scrsiz
e12pt.clo
File: scrsize12pt.clo 2025/06/04 v3.45 KOMA-Script font size class option (12pt
)
)
(C:\Users\sesa807379\AppData\Local\Programs\MiKTeX\tex/latex/koma-script\typear
ea.sty
Package: typearea 2025/06/04 v3.45 KOMA-Script package (type area)
\ta@bcor=\skip50
\ta@div=\count275
Package typearea Info: You've used standard option `a4paper'.
(typearea)             This is correct!
(typearea)             Internally I'm using `paper=a4'.
(typearea)             If you'd like to set the option with \KOMAoptions,
(typearea)             you'd have to use `paper=a4' there
(typearea)             instead of `a4paper', too.
\ta@hblk=\skip51
\ta@vblk=\skip52
\ta@temp=\skip53
\footheight=\skip54
Package typearea Info: These are the values describing the layout:
(typearea)             DIV  = 12
(typearea)             BCOR = 28.45274pt
(typearea)             \paperwidth      = 597.50793pt
(typearea)              \textwidth      = 426.7914pt
(typearea)              DIV departure   = -1%
(typearea)              \evensidemargin = 22.57254pt
(typearea)              \oddsidemargin  = 3.60402pt
(typearea)             \paperheight     = 845.04694pt
(typearea)              \textheight     = 606.5pt
(typearea)              \topmargin      = -1.84941pt
(typearea)              \headheight     = 18.125pt
(typearea)              \headsep        = 21.75pt
(typearea)              \topskip        = 12.0pt
(typearea)              \footskip       = 50.75pt
(typearea)              \baselineskip   = 14.5pt
(typearea)              on input line 1804.
)
\c@part=\count276
\c@chapter=\count277
\c@section=\count278
\c@subsection=\count279
\c@subsubsection=\count280
\c@paragraph=\count281
\c@subparagraph=\count282
\scr@dte@chapter@maxnumwidth=\skip55
Class scrbook Info: using compatibility default `afterindent=bysign'
(scrbook)           for `\chapter on input line 6032.
\scr@dte@section@maxnumwidth=\skip56
Class scrbook Info: using compatibility default `runin=bysign'
(scrbook)           for `\section on input line 6043.
Class scrbook Info: using compatibility default `afterindent=bysign'
(scrbook)           for `\section on input line 6043.
\scr@dte@part@maxnumwidth=\skip57
Class scrbook Info: using compatibility default `afterindent=true'
(scrbook)           for `\part on input line 6052.
\scr@dte@subsection@maxnumwidth=\skip58
Class scrbook Info: using compatibility default `runin=bysign'
(scrbook)           for `\subsection on input line 6062.
Class scrbook Info: using compatibility default `afterindent=bysign'
(scrbook)           for `\subsection on input line 6062.
\scr@dte@subsubsection@maxnumwidth=\skip59
Class scrbook Info: using compatibility default `runin=bysign'
(scrbook)           for `\subsubsection on input line 6072.
Class scrbook Info: using compatibility default `afterindent=bysign'
(scrbook)           for `\subsubsection on input line 6072.
\scr@dte@paragraph@maxnumwidth=\skip60
Class scrbook Info: using compatibility default `runin=bysign'
(scrbook)           for `\paragraph on input line 6083.
Class scrbook Info: using compatibility default `afterindent=bysign'
(scrbook)           for `\paragraph on input line 6083.
\scr@dte@subparagraph@maxnumwidth=\skip61
Class scrbook Info: using compatibility default `runin=bysign'
(scrbook)           for `\subparagraph on input line 6093.
Class scrbook Info: using compatibility default `afterindent=bysign'
(scrbook)           for `\subparagraph on input line 6093.
\abovecaptionskip=\skip62
\belowcaptionskip=\skip63
\c@pti@nb@sid@b@x=\box54
Package tocbasic Info: omitting babel extension for `lof'
(tocbasic)             because of feature `nobabel' available
(tocbasic)             for `lof' on input line 7302.
\scr@dte@figure@maxnumwidth=\skip64
\c@figure=\count283
Package tocbasic Info: omitting babel extension for `lot'
(tocbasic)             because of feature `nobabel' available
(tocbasic)             for `lot' on input line 7319.
\scr@dte@table@maxnumwidth=\skip65
\c@table=\count284
Class scrbook Info: Redefining `\numberline' on input line 7490.
\bibindent=\dimen148
)
(C:\Users\sesa807379\AppData\Local\Programs\MiKTeX\tex/latex/base\inputenc.sty
Package: inputenc 2024/02/08 v1.3d Input encoding file
\inpenc@prehook=\toks18
\inpenc@posthook=\toks19
)
(C:\Users\sesa807379\AppData\Local\Programs\MiKTeX\tex/latex/scrhack\scrhack.st
y
Package: scrhack 2024-09-04 v3.42 scrhack emulation package
)
(C:\Users\sesa807379\AppData\Local\Programs\MiKTeX\tex/latex/graphics\graphicx.
sty
Package: graphicx 2024/12/31 v1.2e Enhanced LaTeX Graphics (DPC,SPQR)

(C:\Users\sesa807379\AppData\Local\Programs\MiKTeX\tex/latex/graphics\graphics.
sty
Package: graphics 2024/08/06 v1.4g Standard LaTeX Graphics (DPC,SPQR)

(C:\Users\sesa807379\AppData\Local\Programs\MiKTeX\tex/latex/graphics\trig.sty
Package: trig 2023/12/02 v1.11 sin cos tan (DPC)
)
(C:\Users\sesa807379\AppData\Local\Programs\MiKTeX\tex/latex/graphics-cfg\graph
ics.cfg
File: graphics.cfg 2016/06/04 v1.11 sample graphics configuration
)
Package graphics Info: Driver file: pdftex.def on input line 106.

(C:\Users\sesa807379\AppData\Local\Programs\MiKTeX\tex/latex/graphics-def\pdfte
x.def
File: pdftex.def 2024/04/13 v1.2c Graphics/color driver for pdftex
))
\Gin@req@height=\dimen149
\Gin@req@width=\dimen150
)
(C:\Users\sesa807379\AppData\Local\Programs\MiKTeX\tex/latex/caption\caption.st
y
Package: caption 2023/08/05 v3.6o Customizing captions (AR)

(C:\Users\sesa807379\AppData\Local\Programs\MiKTeX\tex/latex/caption\caption3.s
ty
Package: caption3 2023/07/31 v2.4d caption3 kernel (AR)
\caption@tempdima=\dimen151
\captionmargin=\dimen152
\caption@leftmargin=\dimen153
\caption@rightmargin=\dimen154
\caption@width=\dimen155
\caption@indent=\dimen156
\caption@parindent=\dimen157
\caption@hangindent=\dimen158
Package caption Info: KOMA-Script document class detected.

(C:\Users\sesa807379\AppData\Local\Programs\MiKTeX\tex/latex/caption\caption-ko
ma.sto
File: caption-koma.sto 2023/09/08 v2.0e Adaption of the caption package to the 
KOMA-Script document classes (AR)
))
\c@caption@flags=\count285
\c@continuedfloat=\count286
Package caption Info: KOMA-Script scrextend package detected.
\caption@addmargin@hsize=\dimen159
\caption@addmargin@linewidth=\dimen160
)
(C:\Users\sesa807379\AppData\Local\Programs\MiKTeX\tex/latex/xcolor\xcolor.sty
Package: xcolor 2024/09/29 v3.02 LaTeX color extensions (UK)

(C:\Users\sesa807379\AppData\Local\Programs\MiKTeX\tex/latex/graphics-cfg\color
.cfg
File: color.cfg 2016/01/02 v1.6 sample color configuration
)
Package xcolor Info: Driver file: pdftex.def on input line 274.

(C:\Users\sesa807379\AppData\Local\Programs\MiKTeX\tex/latex/graphics\mathcolor
.ltx)
Package xcolor Info: Model `cmy' substituted by `cmy0' on input line 1349.
Package xcolor Info: Model `hsb' substituted by `rgb' on input line 1353.
Package xcolor Info: Model `RGB' extended on input line 1365.
Package xcolor Info: Model `HTML' substituted by `rgb' on input line 1367.
Package xcolor Info: Model `Hsb' substituted by `hsb' on input line 1368.
Package xcolor Info: Model `tHsb' substituted by `hsb' on input line 1369.
Package xcolor Info: Model `HSB' substituted by `hsb' on input line 1370.
Package xcolor Info: Model `Gray' substituted by `gray' on input line 1371.
Package xcolor Info: Model `wave' substituted by `hsb' on input line 1372.
)
(C:\Users\sesa807379\AppData\Local\Programs\MiKTeX\tex/latex/caption\subcaption
.sty
Package: subcaption 2023/07/28 v1.6b Sub-captions (AR)
Package caption Info: New subtype `subfigure' on input line 238.
\c@subfigure=\count287
Package caption Info: New subtype `subtable' on input line 238.
\c@subtable=\count288
)
(C:\Users\sesa807379\AppData\Local\Programs\MiKTeX\tex/latex/adjustbox\adjustbo
x.sty
Package: adjustbox 2025/02/26 v1.3c Adjusting TeX boxes (trim, clip, ...)

(C:\Users\sesa807379\AppData\Local\Programs\MiKTeX\tex/latex/xkeyval\xkeyval.st
y
Package: xkeyval 2022/06/16 v2.9 package option processing (HA)

(C:\Users\sesa807379\AppData\Local\Programs\MiKTeX\tex/generic/xkeyval\xkeyval.
tex
(C:\Users\sesa807379\AppData\Local\Programs\MiKTeX\tex/generic/xkeyval\xkvutils
.tex
\XKV@toks=\toks20
\XKV@tempa@toks=\toks21
)
\XKV@depth=\count289
File: xkeyval.tex 2014/12/03 v2.7a key=value parser (HA)
))
(C:\Users\sesa807379\AppData\Local\Programs\MiKTeX\tex/latex/adjustbox\adjcalc.
sty
Package: adjcalc 2012/05/16 v1.1 Provides advanced setlength with multiple back
-ends (calc, etex, pgfmath)
)
(C:\Users\sesa807379\AppData\Local\Programs\MiKTeX\tex/latex/adjustbox\trimclip
.sty
Package: trimclip 2025/02/21 v1.2a Trim and clip general TeX material

(C:\Users\sesa807379\AppData\Local\Programs\MiKTeX\tex/latex/collectbox\collect
box.sty
Package: collectbox 2022/10/17 v0.4c Collect macro arguments as boxes
\collectedbox=\box55
)
\tc@llx=\dimen161
\tc@lly=\dimen162
\tc@urx=\dimen163
\tc@ury=\dimen164
Package trimclip Info: Using driver 'tc-pdftex.def'.

(C:\Users\sesa807379\AppData\Local\Programs\MiKTeX\tex/latex/adjustbox\tc-pdfte
x.def
File: tc-pdftex.def 2025/02/26 v2.3 Clipping driver for pdftex
))
\adjbox@Width=\dimen165
\adjbox@Height=\dimen166
\adjbox@Depth=\dimen167
\adjbox@Totalheight=\dimen168
\adjbox@pwidth=\dimen169
\adjbox@pheight=\dimen170
\adjbox@pdepth=\dimen171
\adjbox@ptotalheight=\dimen172

(C:\Users\sesa807379\AppData\Local\Programs\MiKTeX\tex/latex/ifoddpage\ifoddpag
e.sty
Package: ifoddpage 2022/10/18 v1.2 Conditionals for odd/even page detection
\c@checkoddpage=\count290
)
(C:\Users\sesa807379\AppData\Local\Programs\MiKTeX\tex/latex/varwidth\varwidth.
sty
Package: varwidth 2009/03/30 ver 0.92;  Variable-width minipages
\@vwid@box=\box56
\sift@deathcycles=\count291
\@vwid@loff=\dimen173
\@vwid@roff=\dimen174
)
==> First Aid for varwidth.sty applied!
) (C:\Users\sesa807379\AppData\Local\Programs\MiKTeX\tex/latex/float\float.sty
Package: float 2001/11/08 v1.3d Float enhancements (AL)
\c@float@type=\count292
\float@exts=\toks22
\float@box=\box57
\@float@everytoks=\toks23
\@floatcapt=\box58
)
(C:\Users\sesa807379\AppData\Local\Programs\MiKTeX\tex/latex/floatbytocbasic\fl
oatbytocbasic.sty
Package: floatbytocbasic 2023-08-16 v1.0 improved float package using tocbasic

(C:\Users\sesa807379\AppData\Local\Programs\MiKTeX\tex/latex/xpatch\xpatch.sty
(C:\Users\sesa807379\AppData\Local\Programs\MiKTeX\tex/latex/l3kernel\expl3.sty
Package: expl3 2025-07-20 L3 programming layer (loader) 

(C:\Users\sesa807379\AppData\Local\Programs\MiKTeX\tex/latex/l3backend\l3backen
d-pdftex.def
File: l3backend-pdftex.def 2025-06-09 L3 backend support: PDF output (pdfTeX)
\l__color_backend_stack_int=\count293
))
Package: xpatch 2020/03/25 v0.3a Extending etoolbox patching commands

(C:\Users\sesa807379\AppData\Local\Programs\MiKTeX\tex/latex/l3packages/xparse\
xparse.sty
Package: xparse 2024-08-16 L3 Experimental document command parser
)
(C:\Users\sesa807379\AppData\Local\Programs\MiKTeX\tex/latex/etoolbox\etoolbox.
sty
Package: etoolbox 2025/02/11 v2.5l e-TeX tools for LaTeX (JAW)
\etb@tempcnta=\count294
)))
(C:\Users\sesa807379\AppData\Local\Programs\MiKTeX\tex/latex/tools\array.sty
Package: array 2025/06/08 v2.6j Tabular extension package (FMi)
\col@sep=\dimen175
\ar@mcellbox=\box59
\extrarowheight=\dimen176
\NC@list=\toks24
\extratabsurround=\skip66
\backup@length=\skip67
\ar@cellbox=\box60
)
(C:\Users\sesa807379\AppData\Local\Programs\MiKTeX\tex/latex/tools\hhline.sty
Package: hhline 2020/01/04 v2.04 Table rule package (DPC)
)
(C:\Users\sesa807379\AppData\Local\Programs\MiKTeX\tex/latex/tools\tabularx.sty
Package: tabularx 2023/12/11 v2.12a `tabularx' package (DPC)
\TX@col@width=\dimen177
\TX@old@table=\dimen178
\TX@old@col=\dimen179
\TX@target=\dimen180
\TX@delta=\dimen181
\TX@cols=\count295
\TX@ftn=\toks25
)
(C:\Users\sesa807379\AppData\Local\Programs\MiKTeX\tex/latex/tools\longtable.st
y
Package: longtable 2024-12-18 v4.23 Multi-page Table package (DPC)
\LTleft=\skip68
\LTright=\skip69
\LTpre=\skip70
\LTpost=\skip71
\LTchunksize=\count296
\LTcapwidth=\dimen182
\LT@head=\box61
\LT@firsthead=\box62
\LT@foot=\box63
\LT@lastfoot=\box64
\LT@gbox=\box65
\LT@cols=\count297
\LT@rows=\count298
\c@LT@tables=\count299
\c@LT@chunks=\count300
\LT@p@ftn=\toks26
)
Class scrbook Info: longtable captions redefined on input line 28.

(C:\Users\sesa807379\AppData\Local\Programs\MiKTeX\tex/latex/amsmath\amsmath.st
y
Package: amsmath 2025/06/16 v2.17y AMS math features
\@mathmargin=\skip72

For additional information on amsmath, use the `?' option.

(C:\Users\sesa807379\AppData\Local\Programs\MiKTeX\tex/latex/amsmath\amstext.st
y
Package: amstext 2024/11/17 v2.01 AMS text

(C:\Users\sesa807379\AppData\Local\Programs\MiKTeX\tex/latex/amsmath\amsgen.sty
File: amsgen.sty 1999/11/30 v2.0 generic functions
\@emptytoks=\toks27
\ex@=\dimen183
))
(C:\Users\sesa807379\AppData\Local\Programs\MiKTeX\tex/latex/amsmath\amsbsy.sty
Package: amsbsy 1999/11/29 v1.2d Bold Symbols
\pmbraise@=\dimen184
)
(C:\Users\sesa807379\AppData\Local\Programs\MiKTeX\tex/latex/amsmath\amsopn.sty
Package: amsopn 2022/04/08 v2.04 operator names
)
\inf@bad=\count301
LaTeX Info: Redefining \frac on input line 233.
\uproot@=\count302
\leftroot@=\count303
LaTeX Info: Redefining \overline on input line 398.
LaTeX Info: Redefining \colon on input line 409.
\classnum@=\count304
\DOTSCASE@=\count305
LaTeX Info: Redefining \ldots on input line 495.
LaTeX Info: Redefining \dots on input line 498.
LaTeX Info: Redefining \cdots on input line 619.
\Mathstrutbox@=\box66
\strutbox@=\box67
LaTeX Info: Redefining \big on input line 721.
LaTeX Info: Redefining \Big on input line 722.
LaTeX Info: Redefining \bigg on input line 723.
LaTeX Info: Redefining \Bigg on input line 724.
\big@size=\dimen185
LaTeX Font Info:    Redeclaring font encoding OML on input line 742.
LaTeX Font Info:    Redeclaring font encoding OMS on input line 743.
\macc@depth=\count306
LaTeX Info: Redefining \bmod on input line 904.
LaTeX Info: Redefining \pmod on input line 909.
LaTeX Info: Redefining \smash on input line 939.
LaTeX Info: Redefining \relbar on input line 969.
LaTeX Info: Redefining \Relbar on input line 970.
\c@MaxMatrixCols=\count307
\dotsspace@=\muskip17
\c@parentequation=\count308
\dspbrk@lvl=\count309
\tag@help=\toks28
\row@=\count310
\column@=\count311
\maxfields@=\count312
\andhelp@=\toks29
\eqnshift@=\dimen186
\alignsep@=\dimen187
\tagshift@=\dimen188
\tagwidth@=\dimen189
\totwidth@=\dimen190
\lineht@=\dimen191
\@envbody=\toks30
\multlinegap=\skip73
\multlinetaggap=\skip74
\mathdisplay@stack=\toks31
LaTeX Info: Redefining \[ on input line 2949.
LaTeX Info: Redefining \] on input line 2950.
)
(C:\Users\sesa807379\AppData\Local\Programs\MiKTeX\tex/latex/amsfonts\amssymb.s
ty
Package: amssymb 2013/01/14 v3.01 AMS font symbols

(C:\Users\sesa807379\AppData\Local\Programs\MiKTeX\tex/latex/amsfonts\amsfonts.
sty
Package: amsfonts 2013/01/14 v3.01 Basic AMSFonts support
\symAMSa=\mathgroup4
\symAMSb=\mathgroup5
LaTeX Font Info:    Redeclaring math symbol \hbar on input line 98.
LaTeX Font Info:    Overwriting math alphabet `\mathfrak' in version `bold'
(Font)                  U/euf/m/n --> U/euf/b/n on input line 106.
))
(C:\Users\sesa807379\AppData\Local\Programs\MiKTeX\tex/latex/base\makeidx.sty
Package: makeidx 2021/10/04 v1.0m Standard LaTeX package
)
(C:\Users\sesa807379\AppData\Local\Programs\MiKTeX\tex/latex/base\showidx.sty
Package: showidx 2021/10/04 v1.0m Standard LaTeX package
\indexbox=\insert252
)
(C:\Users\sesa807379\AppData\Local\Programs\MiKTeX\tex/latex/tools\enumerate.st
y
Package: enumerate 2023/07/04 v3.00 enumerate extensions (DPC)
\@enLab=\toks32
)
(C:\Users\sesa807379\AppData\Local\Programs\MiKTeX\tex/latex/multirow\multirow.
sty
Package: multirow 2024/11/12 v2.9 Span multiple rows of a table
\multirow@colwidth=\skip75
\multirow@cntb=\count313
\multirow@dima=\skip76
\bigstrutjot=\dimen192
)
(C:\Users\sesa807379\AppData\Local\Programs\MiKTeX\tex/latex/hyperref\hyperref.
sty
Package: hyperref 2025-07-12 v7.01o Hypertext links for LaTeX

(C:\Users\sesa807379\AppData\Local\Programs\MiKTeX\tex/generic/iftex\iftex.sty
Package: iftex 2024/12/12 v1.0g TeX engine tests
)
(C:\Users\sesa807379\AppData\Local\Programs\MiKTeX\tex/latex/kvsetkeys\kvsetkey
s.sty
Package: kvsetkeys 2022-10-05 v1.19 Key value parser (HO)
)
(C:\Users\sesa807379\AppData\Local\Programs\MiKTeX\tex/generic/kvdefinekeys\kvd
efinekeys.sty
Package: kvdefinekeys 2019-12-19 v1.6 Define keys (HO)
)
(C:\Users\sesa807379\AppData\Local\Programs\MiKTeX\tex/generic/pdfescape\pdfesc
ape.sty
Package: pdfescape 2019/12/09 v1.15 Implements pdfTeX's escape features (HO)

(C:\Users\sesa807379\AppData\Local\Programs\MiKTeX\tex/generic/ltxcmds\ltxcmds.
sty
Package: ltxcmds 2023-12-04 v1.26 LaTeX kernel commands for general use (HO)
)
(C:\Users\sesa807379\AppData\Local\Programs\MiKTeX\tex/generic/pdftexcmds\pdfte
xcmds.sty
Package: pdftexcmds 2020-06-27 v0.33 Utility functions of pdfTeX for LuaTeX (HO
)

(C:\Users\sesa807379\AppData\Local\Programs\MiKTeX\tex/generic/infwarerr\infwar
err.sty
Package: infwarerr 2019/12/03 v1.5 Providing info/warning/error messages (HO)
)
Package pdftexcmds Info: \pdf@primitive is available.
Package pdftexcmds Info: \pdf@ifprimitive is available.
Package pdftexcmds Info: \pdfdraftmode found.
))
(C:\Users\sesa807379\AppData\Local\Programs\MiKTeX\tex/latex/hycolor\hycolor.st
y
Package: hycolor 2020-01-27 v1.10 Color options for hyperref/bookmark (HO)
)
(C:\Users\sesa807379\AppData\Local\Programs\MiKTeX\tex/latex/hyperref\nameref.s
ty
Package: nameref 2025-06-21 v2.57 Cross-referencing by name of section

(C:\Users\sesa807379\AppData\Local\Programs\MiKTeX\tex/latex/refcount\refcount.
sty
Package: refcount 2019/12/15 v3.6 Data extraction from label references (HO)
)
(C:\Users\sesa807379\AppData\Local\Programs\MiKTeX\tex/generic/gettitlestring\g
ettitlestring.sty
Package: gettitlestring 2019/12/15 v1.6 Cleanup title references (HO)

(C:\Users\sesa807379\AppData\Local\Programs\MiKTeX\tex/latex/kvoptions\kvoption
s.sty
Package: kvoptions 2022-06-15 v3.15 Key value format for package options (HO)
))
\c@section@level=\count314
)
(C:\Users\sesa807379\AppData\Local\Programs\MiKTeX\tex/generic/stringenc\string
enc.sty
Package: stringenc 2019/11/29 v1.12 Convert strings between diff. encodings (HO
)
)
\@linkdim=\dimen193
\Hy@linkcounter=\count315
\Hy@pagecounter=\count316

(C:\Users\sesa807379\AppData\Local\Programs\MiKTeX\tex/latex/hyperref\pd1enc.de
f
File: pd1enc.def 2025-07-12 v7.01o Hyperref: PDFDocEncoding definition (HO)
Now handling font encoding PD1 ...
... no UTF-8 mapping file for font encoding PD1
)
(C:\Users\sesa807379\AppData\Local\Programs\MiKTeX\tex/generic/intcalc\intcalc.
sty
Package: intcalc 2019/12/15 v1.3 Expandable calculations with integers (HO)
)
\Hy@SavedSpaceFactor=\count317

(C:\Users\sesa807379\AppData\Local\Programs\MiKTeX\tex/latex/hyperref\puenc.def
File: puenc.def 2025-07-12 v7.01o Hyperref: PDF Unicode definition (HO)
Now handling font encoding PU ...
... no UTF-8 mapping file for font encoding PU
)
Package hyperref Info: Option `colorlinks' set `true' on input line 4066.
Package hyperref Info: Option `pdfpagelabels' set `true' on input line 4066.
Package hyperref Info: Option `bookmarksopen' set `true' on input line 4066.
Package hyperref Info: Option `bookmarksnumbered' set `true' on input line 4066
.
Package hyperref Info: Option `plainpages' set `false' on input line 4066.
Package hyperref Info: Option `hypertexnames' set `false' on input line 4066.
Package hyperref Info: Hyper figures OFF on input line 4195.
Package hyperref Info: Link nesting OFF on input line 4200.
Package hyperref Info: Hyper index ON on input line 4203.
Package hyperref Info: Plain pages OFF on input line 4210.
Package hyperref Info: Backreferencing OFF on input line 4215.
Package hyperref Info: Implicit mode ON; LaTeX internals redefined.
Package hyperref Info: Bookmarks ON on input line 4462.
\c@Hy@tempcnt=\count318
 (C:\Users\sesa807379\AppData\Local\Programs\MiKTeX\tex/latex/url\url.sty
\Urlmuskip=\muskip18
Package: url 2013/09/16  ver 3.4  Verb mode for urls, etc.
)
LaTeX Info: Redefining \url on input line 4801.
\XeTeXLinkMargin=\dimen194

(C:\Users\sesa807379\AppData\Local\Programs\MiKTeX\tex/generic/bitset\bitset.st
y
Package: bitset 2019/12/09 v1.3 Handle bit-vector datatype (HO)

(C:\Users\sesa807379\AppData\Local\Programs\MiKTeX\tex/generic/bigintcalc\bigin
tcalc.sty
Package: bigintcalc 2019/12/15 v1.5 Expandable calculations on big integers (HO
)
))
\Fld@menulength=\count319
\Field@Width=\dimen195
\Fld@charsize=\dimen196
Package hyperref Info: Hyper figures OFF on input line 6078.
Package hyperref Info: Link nesting OFF on input line 6083.
Package hyperref Info: Hyper index ON on input line 6086.
Package hyperref Info: backreferencing OFF on input line 6093.
Package hyperref Info: Link coloring ON on input line 6096.
Package hyperref Info: Link coloring with OCG OFF on input line 6103.
Package hyperref Info: PDF/A mode OFF on input line 6108.
\Hy@abspage=\count320
\c@Item=\count321
\c@Hfootnote=\count322
)
Package hyperref Info: Driver (autodetected): hpdftex.

(C:\Users\sesa807379\AppData\Local\Programs\MiKTeX\tex/latex/hyperref\hpdftex.d
ef
File: hpdftex.def 2025-07-12 v7.01o Hyperref driver for pdfTeX
\Fld@listcount=\count323
\c@bookmark@seq@number=\count324

(C:\Users\sesa807379\AppData\Local\Programs\MiKTeX\tex/latex/rerunfilecheck\rer
unfilecheck.sty
Package: rerunfilecheck 2025-06-21 v1.11 Rerun checks for auxiliary files (HO)

(C:\Users\sesa807379\AppData\Local\Programs\MiKTeX\tex/generic/uniquecounter\un
iquecounter.sty
Package: uniquecounter 2019/12/15 v1.4 Provide unlimited unique counter (HO)
)
Package uniquecounter Info: New unique counter `rerunfilecheck' on input line 2
84.
)
\Hy@SectionHShift=\skip77
)
(C:\Users\sesa807379\AppData\Local\Programs\MiKTeX\tex/latex/esvect\esvect.sty
Package: esvect 
\symesvector=\mathgroup6
) (C:\Users\sesa807379\AppData\Local\Programs\MiKTeX\tex/latex/amscls\amsthm.st
y
Package: amsthm 2020/05/29 v2.20.6
\thm@style=\toks33
\thm@bodyfont=\toks34
\thm@headfont=\toks35
\thm@notefont=\toks36
\thm@headpunct=\toks37
\thm@preskip=\skip78
\thm@postskip=\skip79
\thm@headsep=\skip80
\dth@everypar=\toks38
)
Class scrbook Info: amsthm's \deferred@thm@head patched.

(C:\Users\sesa807379\AppData\Local\Programs\MiKTeX\tex/latex/textgreek\textgree
k.sty
Package: textgreek 2011/10/09 v0.7 Greek symbols in text
Package textgreek Info: Loading the definitions for the Greek fontencoding. on 
input line 39.

(C:\Users\sesa807379\AppData\Local\Programs\MiKTeX\tex/latex/greek-fontenc\lgre
nc.def
File: lgrenc.def 2023-09-12 2.5 LGR Greek font encoding definitions
Now handling font encoding LGR ...
... processing UTF-8 mapping file for font encoding LGR

(C:\Users\sesa807379\AppData\Local\Programs\MiKTeX\tex/latex/greek-inputenc\lgr
enc.dfu
File: lgrenc.dfu 2023-03-21 1.9 UTF-8 support for Greek
   defining Unicode char U+00A8 (decimal 168)
   defining Unicode char U+00AB (decimal 171)
   defining Unicode char U+00AF (decimal 175)
   defining Unicode char U+00B4 (decimal 180)
   defining Unicode char U+00B7 (decimal 183)
   defining Unicode char U+00BB (decimal 187)
   defining Unicode char U+0259 (decimal 601)
   defining Unicode char U+02D8 (decimal 728)
   defining Unicode char U+0374 (decimal 884)
   defining Unicode char U+0375 (decimal 885)
   defining Unicode char U+037A (decimal 890)
   defining Unicode char U+037E (decimal 894)
   defining Unicode char U+0384 (decimal 900)
   defining Unicode char U+0385 (decimal 901)
   defining Unicode char U+0386 (decimal 902)
   defining Unicode char U+0387 (decimal 903)
   defining Unicode char U+0388 (decimal 904)
   defining Unicode char U+0389 (decimal 905)
   defining Unicode char U+038A (decimal 906)
   defining Unicode char U+038C (decimal 908)
   defining Unicode char U+038E (decimal 910)
   defining Unicode char U+038F (decimal 911)
   defining Unicode char U+0390 (decimal 912)
   defining Unicode char U+0391 (decimal 913)
   defining Unicode char U+0392 (decimal 914)
   defining Unicode char U+0393 (decimal 915)
   defining Unicode char U+0394 (decimal 916)
   defining Unicode char U+0395 (decimal 917)
   defining Unicode char U+0396 (decimal 918)
   defining Unicode char U+0397 (decimal 919)
   defining Unicode char U+0398 (decimal 920)
   defining Unicode char U+0399 (decimal 921)
   defining Unicode char U+039A (decimal 922)
   defining Unicode char U+039B (decimal 923)
   defining Unicode char U+039C (decimal 924)
   defining Unicode char U+039D (decimal 925)
   defining Unicode char U+039E (decimal 926)
   defining Unicode char U+039F (decimal 927)
   defining Unicode char U+03A0 (decimal 928)
   defining Unicode char U+03A1 (decimal 929)
   defining Unicode char U+03A3 (decimal 931)
   defining Unicode char U+03A4 (decimal 932)
   defining Unicode char U+03A5 (decimal 933)
   defining Unicode char U+03A6 (decimal 934)
   defining Unicode char U+03A7 (decimal 935)
   defining Unicode char U+03A8 (decimal 936)
   defining Unicode char U+03A9 (decimal 937)
   defining Unicode char U+03AA (decimal 938)
   defining Unicode char U+03AB (decimal 939)
   defining Unicode char U+03AC (decimal 940)
   defining Unicode char U+03AD (decimal 941)
   defining Unicode char U+03AE (decimal 942)
   defining Unicode char U+03AF (decimal 943)
   defining Unicode char U+03B0 (decimal 944)
   defining Unicode char U+03B1 (decimal 945)
   defining Unicode char U+03B2 (decimal 946)
   defining Unicode char U+03B3 (decimal 947)
   defining Unicode char U+03B4 (decimal 948)
   defining Unicode char U+03B5 (decimal 949)
   defining Unicode char U+03B6 (decimal 950)
   defining Unicode char U+03B7 (decimal 951)
   defining Unicode char U+03B8 (decimal 952)
   defining Unicode char U+03B9 (decimal 953)
   defining Unicode char U+03BA (decimal 954)
   defining Unicode char U+03BB (decimal 955)
   defining Unicode char U+03BC (decimal 956)
   defining Unicode char U+03BD (decimal 957)
   defining Unicode char U+03BE (decimal 958)
   defining Unicode char U+03BF (decimal 959)
   defining Unicode char U+03C0 (decimal 960)
   defining Unicode char U+03C1 (decimal 961)
   defining Unicode char U+03C2 (decimal 962)
   defining Unicode char U+03C3 (decimal 963)
   defining Unicode char U+03C4 (decimal 964)
   defining Unicode char U+03C5 (decimal 965)
   defining Unicode char U+03C6 (decimal 966)
   defining Unicode char U+03C7 (decimal 967)
   defining Unicode char U+03C8 (decimal 968)
   defining Unicode char U+03C9 (decimal 969)
   defining Unicode char U+03CA (decimal 970)
   defining Unicode char U+03CB (decimal 971)
   defining Unicode char U+03CC (decimal 972)
   defining Unicode char U+03CD (decimal 973)
   defining Unicode char U+03CE (decimal 974)
   defining Unicode char U+03D0 (decimal 976)
   defining Unicode char U+03D1 (decimal 977)
   defining Unicode char U+03D5 (decimal 981)
   defining Unicode char U+03D6 (decimal 982)
   defining Unicode char U+03D8 (decimal 984)
   defining Unicode char U+03D9 (decimal 985)
   defining Unicode char U+03DA (decimal 986)
   defining Unicode char U+03DB (decimal 987)
   defining Unicode char U+03DC (decimal 988)
   defining Unicode char U+03DD (decimal 989)
   defining Unicode char U+03DE (decimal 990)
   defining Unicode char U+03DF (decimal 991)
   defining Unicode char U+03E0 (decimal 992)
   defining Unicode char U+03E1 (decimal 993)
   defining Unicode char U+03F0 (decimal 1008)
   defining Unicode char U+03F1 (decimal 1009)
   defining Unicode char U+03F4 (decimal 1012)
   defining Unicode char U+03F5 (decimal 1013)
   defining Unicode char U+1F00 (decimal 7936)
   defining Unicode char U+1F01 (decimal 7937)
   defining Unicode char U+1F02 (decimal 7938)
   defining Unicode char U+1F03 (decimal 7939)
   defining Unicode char U+1F04 (decimal 7940)
   defining Unicode char U+1F05 (decimal 7941)
   defining Unicode char U+1F06 (decimal 7942)
   defining Unicode char U+1F07 (decimal 7943)
   defining Unicode char U+1F08 (decimal 7944)
   defining Unicode char U+1F09 (decimal 7945)
   defining Unicode char U+1F0A (decimal 7946)
   defining Unicode char U+1F0B (decimal 7947)
   defining Unicode char U+1F0C (decimal 7948)
   defining Unicode char U+1F0D (decimal 7949)
   defining Unicode char U+1F0E (decimal 7950)
   defining Unicode char U+1F0F (decimal 7951)
   defining Unicode char U+1F10 (decimal 7952)
   defining Unicode char U+1F11 (decimal 7953)
   defining Unicode char U+1F12 (decimal 7954)
   defining Unicode char U+1F13 (decimal 7955)
   defining Unicode char U+1F14 (decimal 7956)
   defining Unicode char U+1F15 (decimal 7957)
   defining Unicode char U+1F18 (decimal 7960)
   defining Unicode char U+1F19 (decimal 7961)
   defining Unicode char U+1F1A (decimal 7962)
   defining Unicode char U+1F1B (decimal 7963)
   defining Unicode char U+1F1C (decimal 7964)
   defining Unicode char U+1F1D (decimal 7965)
   defining Unicode char U+1F20 (decimal 7968)
   defining Unicode char U+1F21 (decimal 7969)
   defining Unicode char U+1F22 (decimal 7970)
   defining Unicode char U+1F23 (decimal 7971)
   defining Unicode char U+1F24 (decimal 7972)
   defining Unicode char U+1F25 (decimal 7973)
   defining Unicode char U+1F26 (decimal 7974)
   defining Unicode char U+1F27 (decimal 7975)
   defining Unicode char U+1F28 (decimal 7976)
   defining Unicode char U+1F29 (decimal 7977)
   defining Unicode char U+1F2A (decimal 7978)
   defining Unicode char U+1F2B (decimal 7979)
   defining Unicode char U+1F2C (decimal 7980)
   defining Unicode char U+1F2D (decimal 7981)
   defining Unicode char U+1F2E (decimal 7982)
   defining Unicode char U+1F2F (decimal 7983)
   defining Unicode char U+1F30 (decimal 7984)
   defining Unicode char U+1F31 (decimal 7985)
   defining Unicode char U+1F32 (decimal 7986)
   defining Unicode char U+1F33 (decimal 7987)
   defining Unicode char U+1F34 (decimal 7988)
   defining Unicode char U+1F35 (decimal 7989)
   defining Unicode char U+1F36 (decimal 7990)
   defining Unicode char U+1F37 (decimal 7991)
   defining Unicode char U+1F38 (decimal 7992)
   defining Unicode char U+1F39 (decimal 7993)
   defining Unicode char U+1F3A (decimal 7994)
   defining Unicode char U+1F3B (decimal 7995)
   defining Unicode char U+1F3C (decimal 7996)
   defining Unicode char U+1F3D (decimal 7997)
   defining Unicode char U+1F3E (decimal 7998)
   defining Unicode char U+1F3F (decimal 7999)
   defining Unicode char U+1F40 (decimal 8000)
   defining Unicode char U+1F41 (decimal 8001)
   defining Unicode char U+1F42 (decimal 8002)
   defining Unicode char U+1F43 (decimal 8003)
   defining Unicode char U+1F44 (decimal 8004)
   defining Unicode char U+1F45 (decimal 8005)
   defining Unicode char U+1F48 (decimal 8008)
   defining Unicode char U+1F49 (decimal 8009)
   defining Unicode char U+1F4A (decimal 8010)
   defining Unicode char U+1F4B (decimal 8011)
   defining Unicode char U+1F4C (decimal 8012)
   defining Unicode char U+1F4D (decimal 8013)
   defining Unicode char U+1F50 (decimal 8016)
   defining Unicode char U+1F51 (decimal 8017)
   defining Unicode char U+1F52 (decimal 8018)
   defining Unicode char U+1F53 (decimal 8019)
   defining Unicode char U+1F54 (decimal 8020)
   defining Unicode char U+1F55 (decimal 8021)
   defining Unicode char U+1F56 (decimal 8022)
   defining Unicode char U+1F57 (decimal 8023)
   defining Unicode char U+1F59 (decimal 8025)
   defining Unicode char U+1F5B (decimal 8027)
   defining Unicode char U+1F5D (decimal 8029)
   defining Unicode char U+1F5F (decimal 8031)
   defining Unicode char U+1F60 (decimal 8032)
   defining Unicode char U+1F61 (decimal 8033)
   defining Unicode char U+1F62 (decimal 8034)
   defining Unicode char U+1F63 (decimal 8035)
   defining Unicode char U+1F64 (decimal 8036)
   defining Unicode char U+1F65 (decimal 8037)
   defining Unicode char U+1F66 (decimal 8038)
   defining Unicode char U+1F67 (decimal 8039)
   defining Unicode char U+1F68 (decimal 8040)
   defining Unicode char U+1F69 (decimal 8041)
   defining Unicode char U+1F6A (decimal 8042)
   defining Unicode char U+1F6B (decimal 8043)
   defining Unicode char U+1F6C (decimal 8044)
   defining Unicode char U+1F6D (decimal 8045)
   defining Unicode char U+1F6E (decimal 8046)
   defining Unicode char U+1F6F (decimal 8047)
   defining Unicode char U+1F70 (decimal 8048)
   defining Unicode char U+1F71 (decimal 8049)
   defining Unicode char U+1F72 (decimal 8050)
   defining Unicode char U+1F73 (decimal 8051)
   defining Unicode char U+1F74 (decimal 8052)
   defining Unicode char U+1F75 (decimal 8053)
   defining Unicode char U+1F76 (decimal 8054)
   defining Unicode char U+1F77 (decimal 8055)
   defining Unicode char U+1F78 (decimal 8056)
   defining Unicode char U+1F79 (decimal 8057)
   defining Unicode char U+1F7A (decimal 8058)
   defining Unicode char U+1F7B (decimal 8059)
   defining Unicode char U+1F7C (decimal 8060)
   defining Unicode char U+1F7D (decimal 8061)
   defining Unicode char U+1F80 (decimal 8064)
   defining Unicode char U+1F81 (decimal 8065)
   defining Unicode char U+1F82 (decimal 8066)
   defining Unicode char U+1F83 (decimal 8067)
   defining Unicode char U+1F84 (decimal 8068)
   defining Unicode char U+1F85 (decimal 8069)
   defining Unicode char U+1F86 (decimal 8070)
   defining Unicode char U+1F87 (decimal 8071)
   defining Unicode char U+1F88 (decimal 8072)
   defining Unicode char U+1F89 (decimal 8073)
   defining Unicode char U+1F8A (decimal 8074)
   defining Unicode char U+1F8B (decimal 8075)
   defining Unicode char U+1F8C (decimal 8076)
   defining Unicode char U+1F8D (decimal 8077)
   defining Unicode char U+1F8E (decimal 8078)
   defining Unicode char U+1F8F (decimal 8079)
   defining Unicode char U+1F90 (decimal 8080)
   defining Unicode char U+1F91 (decimal 8081)
   defining Unicode char U+1F92 (decimal 8082)
   defining Unicode char U+1F93 (decimal 8083)
   defining Unicode char U+1F94 (decimal 8084)
   defining Unicode char U+1F95 (decimal 8085)
   defining Unicode char U+1F96 (decimal 8086)
   defining Unicode char U+1F97 (decimal 8087)
   defining Unicode char U+1F98 (decimal 8088)
   defining Unicode char U+1F99 (decimal 8089)
   defining Unicode char U+1F9A (decimal 8090)
   defining Unicode char U+1F9B (decimal 8091)
   defining Unicode char U+1F9C (decimal 8092)
   defining Unicode char U+1F9D (decimal 8093)
   defining Unicode char U+1F9E (decimal 8094)
   defining Unicode char U+1F9F (decimal 8095)
   defining Unicode char U+1FA0 (decimal 8096)
   defining Unicode char U+1FA1 (decimal 8097)
   defining Unicode char U+1FA2 (decimal 8098)
   defining Unicode char U+1FA3 (decimal 8099)
   defining Unicode char U+1FA4 (decimal 8100)
   defining Unicode char U+1FA5 (decimal 8101)
   defining Unicode char U+1FA6 (decimal 8102)
   defining Unicode char U+1FA7 (decimal 8103)
   defining Unicode char U+1FA8 (decimal 8104)
   defining Unicode char U+1FA9 (decimal 8105)
   defining Unicode char U+1FAA (decimal 8106)
   defining Unicode char U+1FAB (decimal 8107)
   defining Unicode char U+1FAC (decimal 8108)
   defining Unicode char U+1FAD (decimal 8109)
   defining Unicode char U+1FAE (decimal 8110)
   defining Unicode char U+1FAF (decimal 8111)
   defining Unicode char U+1FB0 (decimal 8112)
   defining Unicode char U+1FB1 (decimal 8113)
   defining Unicode char U+1FB2 (decimal 8114)
   defining Unicode char U+1FB3 (decimal 8115)
   defining Unicode char U+1FB4 (decimal 8116)
   defining Unicode char U+1FB6 (decimal 8118)
   defining Unicode char U+1FB7 (decimal 8119)
   defining Unicode char U+1FB8 (decimal 8120)
   defining Unicode char U+1FB9 (decimal 8121)
   defining Unicode char U+1FBA (decimal 8122)
   defining Unicode char U+1FBB (decimal 8123)
   defining Unicode char U+1FBC (decimal 8124)
   defining Unicode char U+1FBD (decimal 8125)
   defining Unicode char U+1FBE (decimal 8126)
   defining Unicode char U+1FBF (decimal 8127)
   defining Unicode char U+1FC0 (decimal 8128)
   defining Unicode char U+1FC1 (decimal 8129)
   defining Unicode char U+1FC2 (decimal 8130)
   defining Unicode char U+1FC3 (decimal 8131)
   defining Unicode char U+1FC4 (decimal 8132)
   defining Unicode char U+1FC6 (decimal 8134)
   defining Unicode char U+1FC7 (decimal 8135)
   defining Unicode char U+1FC8 (decimal 8136)
   defining Unicode char U+1FC9 (decimal 8137)
   defining Unicode char U+1FCA (decimal 8138)
   defining Unicode char U+1FCB (decimal 8139)
   defining Unicode char U+1FCC (decimal 8140)
   defining Unicode char U+1FCD (decimal 8141)
   defining Unicode char U+1FCE (decimal 8142)
   defining Unicode char U+1FCF (decimal 8143)
   defining Unicode char U+1FD0 (decimal 8144)
   defining Unicode char U+1FD1 (decimal 8145)
   defining Unicode char U+1FD2 (decimal 8146)
   defining Unicode char U+1FD3 (decimal 8147)
   defining Unicode char U+1FD6 (decimal 8150)
   defining Unicode char U+1FD7 (decimal 8151)
   defining Unicode char U+1FD8 (decimal 8152)
   defining Unicode char U+1FD9 (decimal 8153)
   defining Unicode char U+1FDA (decimal 8154)
   defining Unicode char U+1FDB (decimal 8155)
   defining Unicode char U+1FDD (decimal 8157)
   defining Unicode char U+1FDE (decimal 8158)
   defining Unicode char U+1FDF (decimal 8159)
   defining Unicode char U+1FE0 (decimal 8160)
   defining Unicode char U+1FE1 (decimal 8161)
   defining Unicode char U+1FE2 (decimal 8162)
   defining Unicode char U+1FE3 (decimal 8163)
   defining Unicode char U+1FE4 (decimal 8164)
   defining Unicode char U+1FE5 (decimal 8165)
   defining Unicode char U+1FE6 (decimal 8166)
   defining Unicode char U+1FE7 (decimal 8167)
   defining Unicode char U+1FE8 (decimal 8168)
   defining Unicode char U+1FE9 (decimal 8169)
   defining Unicode char U+1FEA (decimal 8170)
   defining Unicode char U+1FEB (decimal 8171)
   defining Unicode char U+1FEC (decimal 8172)
   defining Unicode char U+1FED (decimal 8173)
   defining Unicode char U+1FEE (decimal 8174)
   defining Unicode char U+1FEF (decimal 8175)
   defining Unicode char U+1FF2 (decimal 8178)
   defining Unicode char U+1FF3 (decimal 8179)
   defining Unicode char U+1FF4 (decimal 8180)
   defining Unicode char U+1FF6 (decimal 8182)
   defining Unicode char U+1FF7 (decimal 8183)
   defining Unicode char U+1FF8 (decimal 8184)
   defining Unicode char U+1FF9 (decimal 8185)
   defining Unicode char U+1FFA (decimal 8186)
   defining Unicode char U+1FFB (decimal 8187)
   defining Unicode char U+1FFC (decimal 8188)
   defining Unicode char U+1FFD (decimal 8189)
   defining Unicode char U+1FFE (decimal 8190)
   defining Unicode char U+2013 (decimal 8211)
   defining Unicode char U+2014 (decimal 8212)
   defining Unicode char U+2018 (decimal 8216)
   defining Unicode char U+2019 (decimal 8217)
   defining Unicode char U+201A (decimal 8218)
   defining Unicode char U+2030 (decimal 8240)
   defining Unicode char U+2039 (decimal 8249)
   defining Unicode char U+203A (decimal 8250)
   defining Unicode char U+20AC (decimal 8364)
   defining Unicode char U+2126 (decimal 8486)
   defining Unicode char U+10144 (decimal 65860)
   defining Unicode char U+10145 (decimal 65861)
   defining Unicode char U+10146 (decimal 65862)
   defining Unicode char U+10147 (decimal 65863)
)
(C:\Users\sesa807379\AppData\Local\Programs\MiKTeX\tex/latex/greek-fontenc\gree
k-fontenc.def
File: greek-fontenc.def 2023-09-12 2.5 Common Greek font encoding definitions
LaTeX Encoding Info:    Ignoring declaration for text command \accACUTE (encodi
ng LGR) on input line 251.
LaTeX Encoding Info:    Ignoring declaration for text command \accGRAVE (encodi
ng LGR) on input line 259.
LaTeX Encoding Info:    Ignoring declaration for text command \accTILDE (encodi
ng LGR) on input line 267.
))
Package textgreek Info: Loaded fontmap: {eur/*/*}{U/eur/*/*} {phv/*/*}{U/psy/*/
*}. on input line 69.
)
(C:\Users\sesa807379\AppData\Local\Programs\MiKTeX\tex/latex/siunitx\siunitx.st
y
Package: siunitx 2025-07-09 v3.4.14 A comprehensive (SI) units package
\l__siunitx_number_uncert_offset_int=\count325
\l__siunitx_number_exponent_fixed_int=\count326
\l__siunitx_number_min_decimal_int=\count327
\l__siunitx_number_min_integer_int=\count328
\l__siunitx_number_round_precision_int=\count329
\l__siunitx_number_lower_threshold_int=\count330
\l__siunitx_number_upper_threshold_int=\count331
\l__siunitx_number_group_first_int=\count332
\l__siunitx_number_group_size_int=\count333
\l__siunitx_number_group_minimum_int=\count334
\l__siunitx_angle_tmp_dim=\dimen197
\l__siunitx_angle_marker_box=\box68
\l__siunitx_angle_unit_box=\box69
\l__siunitx_compound_count_int=\count335

(C:\Users\sesa807379\AppData\Local\Programs\MiKTeX\tex/latex/translations\trans
lations.sty
Package: translations 2022/02/05 v1.12 internationalization of LaTeX2e packages
 (CN)
)
\l__siunitx_table_tmp_box=\box70
\l__siunitx_table_tmp_dim=\dimen198
\l__siunitx_table_column_width_dim=\dimen199
\l__siunitx_table_integer_box=\box71
\l__siunitx_table_decimal_box=\box72
\l__siunitx_table_uncert_box=\box73
\l__siunitx_table_before_box=\box74
\l__siunitx_table_after_box=\box75
\l__siunitx_table_before_dim=\dimen256
\l__siunitx_table_carry_dim=\dimen257
\l__siunitx_unit_tmp_int=\count336
\l__siunitx_unit_position_int=\count337
\l__siunitx_unit_total_int=\count338
)
(C:\Users\sesa807379\AppData\Local\Programs\MiKTeX\tex/latex/tools\xspace.sty
Package: xspace 2014/10/28 v1.13 Space after command names (DPC,MH)
)
(C:\Users\sesa807379\AppData\Local\Programs\MiKTeX\tex/latex/ragged2e\ragged2e.
sty
Package: ragged2e 2023/06/22 v3.6 ragged2e Package
\CenteringLeftskip=\skip81
\RaggedLeftLeftskip=\skip82
\RaggedRightLeftskip=\skip83
\CenteringRightskip=\skip84
\RaggedLeftRightskip=\skip85
\RaggedRightRightskip=\skip86
\CenteringParfillskip=\skip87
\RaggedLeftParfillskip=\skip88
\RaggedRightParfillskip=\skip89
\JustifyingParfillskip=\skip90
\CenteringParindent=\skip91
\RaggedLeftParindent=\skip92
\RaggedRightParindent=\skip93
\JustifyingParindent=\skip94
)
\@indexfile=\write3
\openout3 = `InternshipReport.idx'.


Writing index file InternshipReport.idx 
(C:\Users\sesa807379\AppData\Local\Programs\MiKTeX\tex/generic/babel\babel.sty
Package: babel 2025/08/03 v25.12 The multilingual framework for LuaLaTeX, pdfLa
TeX and XeLaTeX
\babel@savecnt=\count339
LaTeX Encoding Info:    Redeclaring text command \ij (encoding OT1) on input li
ne 2045.
LaTeX Encoding Info:    Redeclaring text command \IJ (encoding OT1) on input li
ne 2047.
LaTeX Encoding Info:    Redeclaring text command \ij (encoding T1) on input lin
e 2049.
LaTeX Encoding Info:    Redeclaring text command \IJ (encoding T1) on input lin
e 2050.
LaTeX Encoding Info:    Ignoring declaration for text command \ij (encoding ?) 
on input line 2051.
LaTeX Encoding Info:    Ignoring declaration for text command \IJ (encoding ?) 
on input line 2053.
LaTeX Encoding Info:    Ignoring declaration for text command \SS (encoding ?) 
on input line 2078.
\U@D=\dimen258
\l@unhyphenated=\language79

(C:\Users\sesa807379\AppData\Local\Programs\MiKTeX\tex/generic/babel\txtbabel.d
ef)
\bbl@readstream=\read2
\bbl@dirlevel=\count340

*************************************
* Local config file bblopts.cfg used
*
(C:\Users\sesa807379\AppData\Local\Programs\MiKTeX\tex/latex/arabi\bblopts.cfg
File: bblopts.cfg 2005/09/08 v0.1 add Arabic and Farsi to "declared" options of
 babel
)
(C:\Users\sesa807379\AppData\Local\Programs\MiKTeX\tex/latex/babel-english\amer
ican.ldf
Language: american 2017/06/06 v3.3r English support from the babel system

(C:\Users\sesa807379\AppData\Local\Programs\MiKTeX\tex/latex/babel-english\engl
ish.ldf
Language: english 2017/06/06 v3.3r English support from the babel system

(C:\Users\sesa807379\AppData\Local\Programs\MiKTeX\tex/generic/babel/locale/en\
babel-american.tex
Package babel Info: Importing font and identification data for american
(babel)             from babel-en-US.ini. Reported on input line 12.
)
Package babel Info: Hyphen rules for 'canadian' set to \l@english
(babel)             (\language0). Reported on input line 102.
Package babel Info: Hyphen rules for 'australian' set to \l@ukenglish
(babel)             (\language73). Reported on input line 105.
Package babel Info: Hyphen rules for 'newzealand' set to \l@ukenglish
(babel)             (\language73). Reported on input line 108.
)))
(C:\Users\sesa807379\AppData\Local\Programs\MiKTeX\tex/latex/listings\listings.
sty
\lst@mode=\count341
\lst@gtempboxa=\box76
\lst@token=\toks39
\lst@length=\count342
\lst@currlwidth=\dimen259
\lst@column=\count343
\lst@pos=\count344
\lst@lostspace=\dimen260
\lst@width=\dimen261
\lst@newlines=\count345
\lst@lineno=\count346
\lst@maxwidth=\dimen262

(C:\Users\sesa807379\AppData\Local\Programs\MiKTeX\tex/latex/listings\lstpatch.
sty
File: lstpatch.sty 2024/09/23 1.10c (Carsten Heinz)
)
(C:\Users\sesa807379\AppData\Local\Programs\MiKTeX\tex/latex/listings\lstmisc.s
ty
File: lstmisc.sty 2024/09/23 1.10c (Carsten Heinz)
\c@lstnumber=\count347
\lst@skipnumbers=\count348
\lst@framebox=\box77
)
(C:\Users\sesa807379\AppData\Local\Programs\MiKTeX\tex/latex/listings\listings.
cfg
File: listings.cfg 2024/09/23 1.10c listings configuration
))
Package: listings 2024/09/23 1.10c (Carsten Heinz)

(C:\Users\sesa807379\AppData\Local\Programs\MiKTeX\tex/latex/listings\lstlang1.
sty
File: lstlang1.sty 2024/09/23 1.10c listings language file
)
(C:\Users\sesa807379\AppData\Local\Programs\MiKTeX\tex/latex/listings\lstlang2.
sty
File: lstlang2.sty 2024/09/23 1.10c listings language file
)
(C:\Users\sesa807379\AppData\Local\Programs\MiKTeX\tex/latex/listings\lstlang3.
sty
File: lstlang3.sty 2024/09/23 1.10c listings language file
)
(C:\Users\sesa807379\AppData\Local\Programs\MiKTeX\tex/latex/listings\lstlang1.
sty
File: lstlang1.sty 2024/09/23 1.10c listings language file
)
(C:\Users\sesa807379\AppData\Local\Programs\MiKTeX\tex/latex/listings\lstlang2.
sty
File: lstlang2.sty 2024/09/23 1.10c listings language file
)
(C:\Users\sesa807379\AppData\Local\Programs\MiKTeX\tex/latex/listings\lstlang3.
sty
File: lstlang3.sty 2024/09/23 1.10c listings language file
)
(C:\Users\sesa807379\AppData\Local\Programs\MiKTeX\tex/latex/listings\lstlang1.
sty
File: lstlang1.sty 2024/09/23 1.10c listings language file
)
(C:\Users\sesa807379\AppData\Local\Programs\MiKTeX\tex/latex/listings\lstlang2.
sty
File: lstlang2.sty 2024/09/23 1.10c listings language file
)
(C:\Users\sesa807379\AppData\Local\Programs\MiKTeX\tex/latex/listings\lstlang3.
sty
File: lstlang3.sty 2024/09/23 1.10c listings language file
)
(C:\Users\sesa807379\AppData\Local\Programs\MiKTeX\tex/latex/listings\lstmisc.s
ty
File: lstmisc.sty 2024/09/23 1.10c (Carsten Heinz)
)
(C:\Users\sesa807379\AppData\Local\Programs\MiKTeX\tex/latex/acronym\acronym.st
y
Package: acronym 2025/01/17 v1.50 Support for acronyms (Tobias Oetiker)

(C:\Users\sesa807379\AppData\Local\Programs\MiKTeX\tex/latex/bigfoot\suffix.sty
Package: suffix 2006/07/15 1.5a Variant command support
)
(C:\Users\sesa807379\AppData\Local\Programs\MiKTeX\tex/latex/xstring\xstring.st
y
(C:\Users\sesa807379\AppData\Local\Programs\MiKTeX\tex/generic/xstring\xstring.
tex
\xs_counta=\count349
\xs_countb=\count350
)
Package: xstring 2023/08/22 v1.86 String manipulations (CT)
)
\AC@clearlist=\toks40
)
(C:\Users\sesa807379\AppData\Local\Programs\MiKTeX\tex/latex/csquotes\csquotes.
sty
Package: csquotes 2024-04-04 v5.2o context-sensitive quotations (JAW)
\csq@reset=\count351
\csq@gtype=\count352
\csq@glevel=\count353
\csq@qlevel=\count354
\csq@maxlvl=\count355
\csq@tshold=\count356
\csq@ltx@everypar=\toks41

(C:\Users\sesa807379\AppData\Local\Programs\MiKTeX\tex/latex/csquotes\csquotes.
def
File: csquotes.def 2024-04-04 v5.2o csquotes generic definitions (JAW)
)
Package csquotes Info: Trying to load configuration file 'csquotes.cfg'...
Package csquotes Info: ... configuration file loaded successfully.

(C:\Users\sesa807379\AppData\Local\Programs\MiKTeX\tex/latex/csquotes\csquotes.
cfg
File: csquotes.cfg 
))
(C:\Users\sesa807379\AppData\Local\Programs\MiKTeX\tex/latex/gensymb\gensymb.st
y
Package: gensymb 2022/10/17 v1.0.2 (KJH)
))
Class scrbook Info: loading recommended package `bookmark'.
(scrbook)           Using `bookmark' together with `hyperref' is recommended,
(scrbook)           because of handling of possible bookmark level gaps.
(scrbook)           You can avoid loading `bookmark' with KOMA-Script option
(scrbook)           `bookmarkpackage=false' before \begin{document} and
(scrbook)           you can avoid this message adding:
(scrbook)             \usepackage{bookmark}
(scrbook)           before \begin{document} on input line 32.

(C:\Users\sesa807379\AppData\Local\Programs\MiKTeX\tex/latex/bookmark\bookmark.
sty
Package: bookmark 2023-12-10 v1.31 PDF bookmarks (HO)

(C:\Users\sesa807379\AppData\Local\Programs\MiKTeX\tex/latex/bookmark\bkm-pdfte
x.def
File: bkm-pdftex.def 2023-12-10 v1.31 bookmark driver for pdfTeX and luaTeX (HO
)
\BKM@id=\count357
))
Package csquotes Info: Checking for multilingual support...
Package csquotes Info: ... found 'babel' package.
Package csquotes Info: Adjusting default style.
Package csquotes Info: Redefining alias 'default' -> 'american'.
 (InternshipReport.aux (chapters/chapter01.aux) (chapters/chapter02.aux) (chapt
ers/chapter03.aux) (chapters/chapter04.aux) (chapters/appendix02.aux))
\openout1 = `InternshipReport.aux'.

LaTeX Font Info:    Checking defaults for OML/cmm/m/it on input line 32.
LaTeX Font Info:    ... okay on input line 32.
LaTeX Font Info:    Checking defaults for OMS/cmsy/m/n on input line 32.
LaTeX Font Info:    ... okay on input line 32.
LaTeX Font Info:    Checking defaults for OT1/cmr/m/n on input line 32.
LaTeX Font Info:    ... okay on input line 32.
LaTeX Font Info:    Checking defaults for T1/cmr/m/n on input line 32.
LaTeX Font Info:    ... okay on input line 32.
LaTeX Font Info:    Checking defaults for TS1/cmr/m/n on input line 32.
LaTeX Font Info:    ... okay on input line 32.
LaTeX Font Info:    Checking defaults for OMX/cmex/m/n on input line 32.
LaTeX Font Info:    ... okay on input line 32.
LaTeX Font Info:    Checking defaults for U/cmr/m/n on input line 32.
LaTeX Font Info:    ... okay on input line 32.
LaTeX Font Info:    Checking defaults for PD1/pdf/m/n on input line 32.
LaTeX Font Info:    ... okay on input line 32.
LaTeX Font Info:    Checking defaults for PU/pdf/m/n on input line 32.
LaTeX Font Info:    ... okay on input line 32.
LaTeX Font Info:    Checking defaults for LGR/cmr/m/n on input line 32.
LaTeX Font Info:    Trying to load font information for LGR+cmr on input line 3
2.

(C:\Users\sesa807379\AppData\Local\Programs\MiKTeX\tex/latex/cbfonts-fd\lgrcmr.
fd
File: lgrcmr.fd 2017/07/29 v1.2 Greek European Computer Regular
)
LaTeX Font Info:    ... okay on input line 32.
Package scrbase Info: activating american \partname on input line 32.
Package scrbase Info: activating american \chaptername on input line 32.
Package scrbase Info: activating american \appendixname on input line 32.
Package scrbase Info: activating american \figurename on input line 32.
Package scrbase Info: activating american \tablename on input line 32.
Package scrbase Info: activating american \contentsname on input line 32.
Package scrbase Info: activating american \listfigurename on input line 32.
Package scrbase Info: activating american \listtablename on input line 32.
Package scrbase Info: activating american \bibname on input line 32.
Package scrbase Info: activating american \indexname on input line 32.

(C:\Users\sesa807379\AppData\Local\Programs\MiKTeX\tex/context/base/mkii\supp-p
df.mkii
[Loading MPS to PDF converter (version 2006.09.02).]
\scratchcounter=\count358
\scratchdimen=\dimen263
\scratchbox=\box78
\nofMPsegments=\count359
\nofMParguments=\count360
\everyMPshowfont=\toks42
\MPscratchCnt=\count361
\MPscratchDim=\dimen264
\MPnumerator=\count362
\makeMPintoPDFobject=\count363
\everyMPtoPDFconversion=\toks43
)
(C:\Users\sesa807379\AppData\Local\Programs\MiKTeX\tex/latex/epstopdf-pkg\epsto
pdf-base.sty
Package: epstopdf-base 2020-01-24 v2.11 Base part for package epstopdf
Package epstopdf-base Info: Redefining graphics rule for `.eps' on input line 4
85.

(C:\Users\sesa807379\AppData\Local\Programs\MiKTeX\tex/latex/00miktex\epstopdf-
sys.cfg
File: epstopdf-sys.cfg 2021/03/18 v2.0 Configuration of epstopdf for MiKTeX
))
Package caption Info: Begin \AtBeginDocument code.
Package caption Info: float package is loaded.
Package caption Info: hyperref package is loaded.
Package caption Info: listings package is loaded.
Package caption Info: longtable package is loaded.

(C:\Users\sesa807379\AppData\Local\Programs\MiKTeX\tex/latex/caption\ltcaption.
sty
Package: ltcaption 2021/01/08 v1.4c longtable captions (AR)
)
Package caption Info: End \AtBeginDocument code.
Package hyperref Info: Link coloring ON on input line 32.

(C:\Users\sesa807379\AppData\Local\Programs\MiKTeX\tex/latex/translations/dicts
\translations-basic-dictionary-english.trsl
File: translations-basic-dictionary-english.trsl (english translation file `tra
nslations-basic-dictionary')
)
\c@lstlisting=\count364
Package tocbasic Info: setting babel extension for `lol' on input line 32.
\scr@dte@lstlisting@maxnumwidth=\skip95
LaTeX Info: Redefining \celsius on input line 32.
Package gensymb Info: Faking symbols for \degree and \celsius on input line 32.



Package gensymb Warning: Not defining \perthousand.

LaTeX Info: Redefining \ohm on input line 32.
Package gensymb Info: Using \Omega for \ohm on input line 32.

Package gensymb Warning: Not defining \micro.

(TeX/Titlepage.tex
<qutools_logo.png, id=3, 328.22626pt x 105.39375pt>
File: qutools_logo.png Graphic file (type png)
<use qutools_logo.png>
Package pdftex.def Info: qutools_logo.png  used on input line 8.
(pdftex.def)             Requested size: 170.71394pt x 54.81631pt.
Package epstopdf Info: Source file: <LG0_fbeit_b1169_engl.eps>
(epstopdf)                    date: 2025-08-11 16:10:25
(epstopdf)                    size: 239462 bytes
(epstopdf)             Output file: <LG0_fbeit_b1169_engl-eps-converted-to.pdf>

(epstopdf)                    date: 2025-08-11 16:10:25
(epstopdf)                    size: 15810 bytes
(epstopdf)             Command: <miktex-epstopdf --outfile=LG0_fbeit_b1169_engl
-eps-converted-to.pdf LG0_fbeit_b1169_engl.eps>
(epstopdf)             \includegraphics on input line 12.
Package epstopdf Info: Output file is already uptodate.


pdfTeX warning: pdflatex.exe (file ./LG0_fbeit_b1169_engl-eps-converted-to.pdf)
: PDF inclusion: found PDF version <1.7>, but at most version <1.5> allowed
<LG0_fbeit_b1169_engl-eps-converted-to.pdf, id=4, 230.8625pt x 108.405pt>
File: LG0_fbeit_b1169_engl-eps-converted-to.pdf Graphic file (type pdf)
<use LG0_fbeit_b1169_engl-eps-converted-to.pdf>
Package pdftex.def Info: LG0_fbeit_b1169_engl-eps-converted-to.pdf  used on inp
ut line 12.
(pdftex.def)             Requested size: 256.07744pt x 120.25322pt.

Overfull \hbox (2.61107pt too wide) in paragraph at lines 7--14
[][]  [] 
 []

LaTeX Font Info:    Trying to load font information for U+msa on input line 44.

(C:\Users\sesa807379\AppData\Local\Programs\MiKTeX\tex/latex/amsfonts\umsa.fd
File: umsa.fd 2013/01/14 v3.01 AMS symbols A
)
LaTeX Font Info:    Trying to load font information for U+msb on input line 44.


(C:\Users\sesa807379\AppData\Local\Programs\MiKTeX\tex/latex/amsfonts\umsb.fd
File: umsb.fd 2013/01/14 v3.01 AMS symbols B
)
LaTeX Font Info:    Trying to load font information for U+esvect on input line 
44.

(C:\Users\sesa807379\AppData\Local\Programs\MiKTeX\tex/latex/esvect\uesvect.fd
File: uesvect.fd 
)

[1



{C:/Users/sesa807379/AppData/Local/MiKTeX/fonts/map/pdftex/pdftex.map} <./qutoo
ls_logo.png> <./LG0_fbeit_b1169_engl-eps-converted-to.pdf>])
(TeX/Pre-Declaration.tex
Overfull \hbox (2.37425pt too wide) in paragraph at lines 4--10
[][]   [] 
 []


Overfull \hbox (2.37425pt too wide) in paragraph at lines 13--19
[][]   [] 
 []


Overfull \hbox (2.37427pt too wide) in paragraph at lines 13--19
[]   [] 
 []


Underfull \hbox (badness 10000) in paragraph at lines 31--32

 []


Underfull \hbox (badness 10000) in paragraph at lines 33--35

 []


Overfull \hbox (19.7736pt too wide) in paragraph at lines 46--49
[][] 
 []

)

[1

] (TeX/declaration.tex
Underfull \hbox (badness 10000) in paragraph at lines 4--16

 []


Underfull \hbox (badness 10000) in paragraph at lines 4--16

 []


Underfull \hbox (badness 10000) in paragraph at lines 4--16

 []


Underfull \hbox (badness 10000) in paragraph at lines 4--16

 []


Underfull \hbox (badness 10000) in paragraph at lines 4--16

 []


Underfull \hbox (badness 10000) in paragraph at lines 4--16

 []


Underfull \hbox (badness 10000) in paragraph at lines 4--16

 []

)

[2


] (Tex/NDA.tex)

[3


] (Tex/Abstract.tex
Package acronym Info: Label `acro:FPGA' newly defined as it shall be overridden

although it is yet undefined on input line 4.
Package acronym Info: Label `acro:FPGA' overridden on input line 4.
Package acronym Info: Label `acro:GUI' newly defined as it shall be overridden
although it is yet undefined on input line 6.
Package acronym Info: Label `acro:quEDU' newly defined as it shall be overridde
n
although it is yet undefined on input line 6.
Package acronym Info: Label `acro:quNV' newly defined as it shall be overridden

although it is yet undefined on input line 6.
Package acronym Info: Label `acro:FPGA' overridden on input line 6.
Package acronym Info: Label `acro:GUI' overridden on input line 6.
Package acronym Info: Label `acro:GUI' overridden on input line 8.
Package acronym Info: Label `acro:FPGA' overridden on input line 8.
)

[4


] (InternshipReport.toc
Package acronym Info: Label `acro:EPR' newly defined as it shall be overridden
although it is yet undefined on input line 18.
Package acronym Info: Label `acro:quEDU' overridden on input line 27.
Package acronym Info: Label `acro:quEDU' overridden on input line 28.


[1



])
\tf@toc=\write4
\openout4 = `InternshipReport.toc'.



[2] (InternshipReport.lof
Package acronym Info: Label `acro:quEDU' overridden on input line 17.
Package acronym Info: Label `acro:quEDU' overridden on input line 18.
Package acronym Info: Label `acro:NV' newly defined as it shall be overridden
although it is yet undefined on input line 18.
Package acronym Info: Label `acro:quNV' overridden on input line 19.


[3


]
Package acronym Info: Label `acro:ODMR' newly defined as it shall be overridden

although it is yet undefined on input line 28.
)
\tf@lof=\write5
\openout5 = `InternshipReport.lof'.



[4] (Tex/Acronyms.tex)

[5


]
part I.
Package scrkbase Info: You've told me to use the font selection of the element
(scrkbase)             `partprefix' that is an alias of element `partnumber'
(scrkbase)              on input line 64.


[1


]
\openout2 = `chapters/chapter01.aux'.

 (chapters/chapter01.tex
chapter 1.
Package acronym Info: Label `acro:FPGA' overridden on input line 10.
Package acronym Info: Label `acro:GUI' overridden on input line 12.
Package acronym Info: Label `acro:GUI' overridden on input line 12.
Package acronym Info: Label `acro:quEDU' overridden on input line 12.
Package acronym Info: Label `acro:quNV' overridden on input line 12.
)

[2


]
\openout2 = `chapters/chapter02.aux'.

 (chapters/chapter02.tex
chapter 2.

Underfull \vbox (badness 10000) has occurred while \output is active []



[3




])

[4]
\openout2 = `chapters/chapter03.aux'.

 (chapters/chapter03.tex
chapter 3.
Package acronym Info: Label `acro:EPR' overridden on input line 7.
<gfx/diagrams/Entaglement.png, id=350, 542.025pt x 199.49532pt>
File: gfx/diagrams/Entaglement.png Graphic file (type png)
<use gfx/diagrams/Entaglement.png>
Package pdftex.def Info: gfx/diagrams/Entaglement.png  used on input line 15.
(pdftex.def)             Requested size: 298.75267pt x 109.96019pt.


[5




 <./gfx/diagrams/Entaglement.png>]
Package acronym Info: Label `acro:EPR' overridden on input line 22.
<gfx/diagrams/Entaglement_Measurement(a).png, id=364, 642.14906pt x 362.85562pt
>
File: gfx/diagrams/Entaglement_Measurement(a).png Graphic file (type png)
<use gfx/diagrams/Entaglement_Measurement(a).png>
Package pdftex.def Info: gfx/diagrams/Entaglement_Measurement(a).png  used on i
nput line 26.
(pdftex.def)             Requested size: 298.75267pt x 168.82024pt.


[6 <./gfx/diagrams/Entaglement_Measurement(a).png>]
<gfx/diagrams/John_Bell.png, id=373, 205.9695pt x 310.15875pt>
File: gfx/diagrams/John_Bell.png Graphic file (type png)
<use gfx/diagrams/John_Bell.png>
Package pdftex.def Info: gfx/diagrams/John_Bell.png  used on input line 39.
(pdftex.def)             Requested size: 149.3796pt x 224.94215pt.
<gfx/diagrams/Entanglement_Measurement(b).png, id=378, 603.0028pt x 331.2375pt>

File: gfx/diagrams/Entanglement_Measurement(b).png Graphic file (type png)
<use gfx/diagrams/Entanglement_Measurement(b).png>
Package pdftex.def Info: gfx/diagrams/Entanglement_Measurement(b).png  used on 
input line 50.
(pdftex.def)             Requested size: 298.75267pt x 164.1071pt.


[7 <./gfx/diagrams/John_Bell.png>]
<gfx/diagrams/possible_outcomes.png, id=388, 613.54219pt x 338.01282pt>
File: gfx/diagrams/possible_outcomes.png Graphic file (type png)
<use gfx/diagrams/possible_outcomes.png>
Package pdftex.def Info: gfx/diagrams/possible_outcomes.png  used on input line
 61.
(pdftex.def)             Requested size: 298.75267pt x 164.59103pt.


[8 <./gfx/diagrams/Entanglement_Measurement(b).png> <./gfx/diagrams/possible_ou
tcomes.png>]
<gfx/diagrams/QuantenKoffer.png, id=397, 555.57562pt x 453.94594pt>
File: gfx/diagrams/QuantenKoffer.png Graphic file (type png)
<use gfx/diagrams/QuantenKoffer.png>
Package pdftex.def Info: gfx/diagrams/QuantenKoffer.png  used on input line 76.

(pdftex.def)             Requested size: 256.07744pt x 209.23326pt.


[9 <./gfx/diagrams/QuantenKoffer.png>]
<gfx/diagrams/QuantenKoffer(b).png, id=407, 416.15475pt x 399.894pt>
File: gfx/diagrams/QuantenKoffer(b).png Graphic file (type png)
<use gfx/diagrams/QuantenKoffer(b).png>
Package pdftex.def Info: gfx/diagrams/QuantenKoffer(b).png  used on input line 
92.
(pdftex.def)             Requested size: 256.07744pt x 246.08284pt.


[10 <./gfx/diagrams/QuantenKoffer(b).png>]
<gfx/diagrams/quBricks.png, id=416, 187.902pt x 184.2885pt>
File: gfx/diagrams/quBricks.png Graphic file (type png)
<use gfx/diagrams/quBricks.png>
Package pdftex.def Info: gfx/diagrams/quBricks.png  used on input line 105.
(pdftex.def)             Requested size: 170.71394pt x 167.43846pt.
Package acronym Info: Label `acro:CHSH' newly defined as it shall be overridden

although it is yet undefined on input line 117.
Package acronym Info: Label `acro:CHSH' overridden on input line 117.


[11 <./gfx/diagrams/quBricks.png>]
Package acronym Info: Label `acro:CHSH' overridden on input line 126.
Package acronym Info: Label `acro:CHSH' overridden on input line 126.
Package acronym Info: Label `acro:CHSH' overridden on input line 130.


[12]
Package acronym Info: Label `acro:FSM' newly defined as it shall be overridden
although it is yet undefined on input line 136.
Package acronym Info: Label `acro:FSM' overridden on input line 136.

Overfull \hbox (1.81804pt too wide) in paragraph at lines 138--140
\OT1/cmr/m/n/12 clock sig-nals (clk), mil-lisec-ond timers (msec), pa-ram-e-ter
s for the ex-per-i-ment (param),
 []

Package acronym Info: Label `acro:FSM' overridden on input line 146.
Package acronym Info: Label `acro:FSM' overridden on input line 148.


[13]
Package acronym Info: Label `acro:FSM' overridden on input line 156.
Package acronym Info: Label `acro:FSM' overridden on input line 168.
Package acronym Info: Label `acro:FSM' overridden on input line 171.


[14]
Package acronym Info: Label `acro:FSM' overridden on input line 178.


[15]
LaTeX Font Info:    Font shape `OT1/cmtt/bx/n' in size <10> not available
(Font)              Font shape `OT1/cmtt/m/n' tried instead on input line 217.


[16]

[17]

[18]
<gfx/diagrams/Modulo-based_coincidence_counts.png, id=531, 1342.01375pt x 167.6
2625pt>
File: gfx/diagrams/Modulo-based_coincidence_counts.png Graphic file (type png)
<use gfx/diagrams/Modulo-based_coincidence_counts.png>
Package pdftex.def Info: gfx/diagrams/Modulo-based_coincidence_counts.png  used
 on input line 318.
(pdftex.def)             Requested size: 426.7914pt x 53.30898pt.


[19 <./gfx/diagrams/Modulo-based_coincidence_counts.png>]
<gfx/diagrams/LFSR_coincidence_counts.png, id=546, 1288.815pt x 442.65375pt>
File: gfx/diagrams/LFSR_coincidence_counts.png Graphic file (type png)
<use gfx/diagrams/LFSR_coincidence_counts.png>
Package pdftex.def Info: gfx/diagrams/LFSR_coincidence_counts.png  used on inpu
t line 348.
(pdftex.def)             Requested size: 362.77528pt x 124.59737pt.
<gfx/diagrams/uniform_proc_coincidence_counts.png, id=547, 1148.03906pt x 376.4
0625pt>
File: gfx/diagrams/uniform_proc_coincidence_counts.png Graphic file (type png)
<use gfx/diagrams/uniform_proc_coincidence_counts.png>
Package pdftex.def Info: gfx/diagrams/uniform_proc_coincidence_counts.png  used
 on input line 369.
(pdftex.def)             Requested size: 362.77528pt x 118.94191pt.


[20

 <./gfx/diagrams/LFSR_coincidence_counts.png> <./gfx/diagrams/uniform_proc_coin
cidence_counts.png>])

[21]
\openout2 = `chapters/chapter04.aux'.

 (chapters/chapter04.tex
chapter 4.
Package acronym Info: Label `acro:quEDU' overridden on input line 5.
Package acronym Info: Label `acro:GUI' overridden on input line 5.
Package acronym Info: Label `acro:quEDU' overridden on input line 7.
Package acronym Info: Label `acro:quEDU' overridden on input line 9.
<gfx/diagrams/quEDU.png, id=578, 736.25063pt x 440.39531pt>
File: gfx/diagrams/quEDU.png Graphic file (type png)
<use gfx/diagrams/quEDU.png>
Package pdftex.def Info: gfx/diagrams/quEDU.png  used on input line 13.
(pdftex.def)             Requested size: 277.41179pt x 165.94078pt.
Package acronym Info: Label `acro:quEDU' overridden on input line 14.
Package acronym Info: Label `acro:quEDU' overridden on input line 14.
Package acronym Info: Label `acro:quEDU' overridden on input line 19.


[22




 <./gfx/diagrams/quEDU.png>]
Package acronym Info: Label `acro:quEDU' overridden on input line 23.
Package acronym Info: Label `acro:quEDU' overridden on input line 25.
Package acronym Info: Label `acro:quEDU' overridden on input line 29.
Package acronym Info: Label `acro:quEDU' overridden on input line 35.
Package acronym Info: Label `acro:quEDU' overridden on input line 41.


Package acronym Info: Label `acro:quEDU' overridden on input line 48.
[23]
Package acronym Info: Label `acro:ODMR' overridden on input line 50.
Package acronym Info: Label `acro:NV' overridden on input line 86.
Package acronym Info: Label `acro:NV' overridden on input line 86.
Package acronym Info: Label `acro:quEDU' overridden on input line 89.
Package acronym Info: Label `acro:quEDU' overridden on input line 90.
Package acronym Info: Label `acro:NV' overridden on input line 90.
Package acronym Info: Label `acro:quEDU' overridden on input line 90.
Package acronym Info: Label `acro:NV' overridden on input line 90.


[24]
<gfx/diagrams/quNV_quEDU.png, id=628, 1320.43312pt x 642.14906pt>
File: gfx/diagrams/quNV_quEDU.png Graphic file (type png)
<use gfx/diagrams/quNV_quEDU.png>
Package pdftex.def Info: gfx/diagrams/quNV_quEDU.png  used on input line 94.
(pdftex.def)             Requested size: 213.39569pt x 103.77478pt.
Package acronym Info: Label `acro:quEDU' overridden on input line 95.
Package acronym Info: Label `acro:NV' overridden on input line 95.
Package acronym Info: Label `acro:quEDU' overridden on input line 95.
Package acronym Info: Label `acro:NV' overridden on input line 95.
<gfx/diagrams/quNV.png, id=635, 678.28406pt x 496.10344pt>
File: gfx/diagrams/quNV.png Graphic file (type png)
<use gfx/diagrams/quNV.png>
Package pdftex.def Info: gfx/diagrams/quNV.png  used on input line 101.
(pdftex.def)             Requested size: 170.71394pt x 124.85823pt.
<gfx/diagrams/quNV_interlock.png, id=636, 624.08156pt x 378.66469pt>
File: gfx/diagrams/quNV_interlock.png Graphic file (type png)
<use gfx/diagrams/quNV_interlock.png>
Package pdftex.def Info: gfx/diagrams/quNV_interlock.png  used on input line 10
2.
(pdftex.def)             Requested size: 170.71394pt x 103.58131pt.
Package acronym Info: Label `acro:quNV' overridden on input line 103.
Package acronym Info: Label `acro:quNV' overridden on input line 103.
Package acronym Info: Label `acro:quEDU' overridden on input line 108.


[25 <./gfx/diagrams/quNV_quEDU.png> <./gfx/diagrams/quNV.png> <./gfx/diagrams/q
uNV_interlock.png>]
<gfx/diagrams/green_Laser_intensity.png, id=656, 1126.2075pt x 681.29532pt>
File: gfx/diagrams/green_Laser_intensity.png Graphic file (type png)
<use gfx/diagrams/green_Laser_intensity.png>
Package pdftex.def Info: gfx/diagrams/green_Laser_intensity.png  used on input 
line 115.
(pdftex.def)             Requested size: 320.09354pt x 193.64099pt.
<gfx/diagrams/Red_floursence_from_diamond.png, id=657, 1145.78062pt x 675.27281
pt>
File: gfx/diagrams/Red_floursence_from_diamond.png Graphic file (type png)
<use gfx/diagrams/Red_floursence_from_diamond.png>
Package pdftex.def Info: gfx/diagrams/Red_floursence_from_diamond.png  used on 
input line 125.
(pdftex.def)             Requested size: 320.09354pt x 188.65263pt.


[26

 <./gfx/diagrams/green_Laser_intensity.png> <./gfx/diagrams/Red_floursence_from
_diamond.png>]
<gfx/diagrams/ODMR.png, id=664, 519.44063pt x 293.59688pt>
File: gfx/diagrams/ODMR.png Graphic file (type png)
<use gfx/diagrams/ODMR.png>
Package pdftex.def Info: gfx/diagrams/ODMR.png  used on input line 136.
(pdftex.def)             Requested size: 320.09354pt x 180.92163pt.
Package acronym Info: Label `acro:quEDU' overridden on input line 146.
Package acronym Info: Label `acro:quEDU' overridden on input line 146.
Package acronym Info: Label `acro:GUI' overridden on input line 146.
<gfx/diagrams/quEDU_NV_Python_GUI_Software_Block_Diagram.png, id=670, 1901.6043
7pt x 1046.40938pt>
File: gfx/diagrams/quEDU_NV_Python_GUI_Software_Block_Diagram.png Graphic file 
(type png)
<use gfx/diagrams/quEDU_NV_Python_GUI_Software_Block_Diagram.png>
Package pdftex.def Info: gfx/diagrams/quEDU_NV_Python_GUI_Software_Block_Diagra
m.png  used on input line 150.
(pdftex.def)             Requested size: 426.7914pt x 234.84117pt.

Underfull \vbox (badness 10000) has occurred while \output is active []



[27

 <./gfx/diagrams/ODMR.png>]
Package acronym Info: Label `acro:quEDU' overridden on input line 165.


[28 <./gfx/diagrams/quEDU_NV_Python_GUI_Software_Block_Diagram.png>]
Overfull \hbox (2.79303pt too wide) in paragraph at lines 179--180
[]\OT1/cmr/m/n/12 In the signal-slot pat-tern, dif-fer-ent com-po-nents com-mu-
ni-cate through sig-nals (events)
 []

Package acronym Info: Label `acro:GUI' overridden on input line 185.


[29]
Package acronym Info: Label `acro:quEDU' overridden on input line 194.
Package acronym Info: Label `acro:quEDU' overridden on input line 194.
Package acronym Info: Label `acro:NV' overridden on input line 196.
Package acronym Info: Label `acro:NV' overridden on input line 196.
Package acronym Info: Label `acro:quEDU' overridden on input line 196.
Package acronym Info: Label `acro:quEDU' overridden on input line 198.
Package acronym Info: Label `acro:GUI' overridden on input line 200.
<gfx/diagrams/quEDU_GUI_Home.png, id=701, 649.42625pt x 351.3125pt>
File: gfx/diagrams/quEDU_GUI_Home.png Graphic file (type png)
<use gfx/diagrams/quEDU_GUI_Home.png>
Package pdftex.def Info: gfx/diagrams/quEDU_GUI_Home.png  used on input line 20
6.
(pdftex.def)             Requested size: 426.7914pt x 230.8806pt.
Package acronym Info: Label `acro:quEDU' overridden on input line 211.
Package acronym Info: Label `acro:quEDU' overridden on input line 211.
Package acronym Info: Label `acro:quEDU' overridden on input line 211.
Package acronym Info: Label `acro:quNV' overridden on input line 211.
Package acronym Info: Label `acro:quNV' overridden on input line 211.


[30]
Package acronym Info: Label `acro:quNV' overridden on input line 215.
<gfx/diagrams/Laser_Properties.png, id=721, 992.95969pt x 514.92375pt>
File: gfx/diagrams/Laser_Properties.png Graphic file (type png)
<use gfx/diagrams/Laser_Properties.png>
Package pdftex.def Info: gfx/diagrams/Laser_Properties.png  used on input line 
219.
(pdftex.def)             Requested size: 426.7914pt x 221.32646pt.
Package acronym Info: Label `acro:quNV' overridden on input line 224.
Package acronym Info: Label `acro:APD' newly defined as it shall be overridden
although it is yet undefined on input line 226.
Package acronym Info: Label `acro:APD' overridden on input line 226.
Package acronym Info: Label `acro:APD' overridden on input line 226.
Package acronym Info: Label `acro:APD' overridden on input line 226.
Package acronym Info: Label `acro:quNV' overridden on input line 230.
Package acronym Info: Label `acro:NV' overridden on input line 230.


[31 <./gfx/diagrams/quEDU_GUI_Home.png>]
Package acronym Info: Label `acro:FPGA' overridden on input line 232.
<gfx/diagrams/confocal_alignment.png, id=742, 1084.80281pt x 738.50906pt>
File: gfx/diagrams/confocal_alignment.png Graphic file (type png)
<use gfx/diagrams/confocal_alignment.png>
Package pdftex.def Info: gfx/diagrams/confocal_alignment.png  used on input lin
e 238.
(pdftex.def)             Requested size: 426.7914pt x 290.55284pt.

Underfull \vbox (badness 3657) has occurred while \output is active []



[32 <./gfx/diagrams/Laser_Properties.png>]

[33 <./gfx/diagrams/confocal_alignment.png>]
<gfx/diagrams/set_target_pos.png, id=756, 1975.38pt x 997.47656pt>
File: gfx/diagrams/set_target_pos.png Graphic file (type png)
<use gfx/diagrams/set_target_pos.png>
Package pdftex.def Info: gfx/diagrams/set_target_pos.png  used on input line 24
9.
(pdftex.def)             Requested size: 426.7914pt x 215.50348pt.
Package acronym Info: Label `acro:ODMR' overridden on input line 256.
Package acronym Info: Label `acro:quNV' overridden on input line 256.
Package acronym Info: Label `acro:NV' overridden on input line 256.
Package acronym Info: Label `acro:ODMR' overridden on input line 258.
Package acronym Info: Label `acro:quNV' overridden on input line 258.
Package acronym Info: Label `acro:ODMR' overridden on input line 260.
Package acronym Info: Label `acro:ODMR' overridden on input line 262.
Package acronym Info: Label `acro:ODMR' overridden on input line 262.
Package acronym Info: Label `acro:ODMR' overridden on input line 262.


[34

 <./gfx/diagrams/set_target_pos.png>]
<gfx/diagrams/ODMR_pythonGUI.png, id=777, 2019.79594pt x 1388.18625pt>
File: gfx/diagrams/ODMR_pythonGUI.png Graphic file (type png)
<use gfx/diagrams/ODMR_pythonGUI.png>
Package pdftex.def Info: gfx/diagrams/ODMR_pythonGUI.png  used on input line 26
6.
(pdftex.def)             Requested size: 426.7914pt x 293.32819pt.
Package acronym Info: Label `acro:ODMR' overridden on input line 267.
Package acronym Info: Label `acro:ODMR' overridden on input line 267.
Package acronym Info: Label `acro:ODMR' overridden on input line 271.
Package acronym Info: Label `acro:APD' overridden on input line 271.
)

[35 <./gfx/diagrams/ODMR_pythonGUI.png>]
part II.
Package scrkbase Info: You've told me to use the font selection of the element
(scrkbase)             `partprefix' that is an alias of element `partnumber'
(scrkbase)              on input line 73.


[36



]
\openout2 = `chapters/appendix02.aux'.

 (chapters/appendix02.tex
chapter A.
<gfx/diagrams/bell_qucase.png, id=794, 597.73312pt x 447.92343pt>
File: gfx/diagrams/bell_qucase.png Graphic file (type png)
<use gfx/diagrams/bell_qucase.png>
Package pdftex.def Info: gfx/diagrams/bell_qucase.png  used on input line 30.
(pdftex.def)             Requested size: 298.75267pt x 223.87914pt.

Underfull \vbox (badness 10000) has occurred while \output is active []



[37


]
<gfx/diagrams/angles_worksheet.png, id=799, 602.25pt x 624.83438pt>
File: gfx/diagrams/angles_worksheet.png Graphic file (type png)
<use gfx/diagrams/angles_worksheet.png>
Package pdftex.def Info: gfx/diagrams/angles_worksheet.png  used on input line 
37.
(pdftex.def)             Requested size: 256.07744pt x 265.68935pt.


[38 <./gfx/diagrams/bell_qucase.png> <./gfx/diagrams/angles_worksheet.png>]
chapter B.


[39

])

[40] (InternshipReport.bbl
chapter without number

Underfull \hbox (badness 1221) in paragraph at lines 35--38
[]\OT1/cmr/m/sc/12 quTools\OT1/cmr/m/n/12 :  \OT1/cmr/m/it/12 quEDU Brochure\OT
1/cmr/m/n/12 .  [][]$\OT1/cmtt/m/n/12 https : / / www . qutools . com / files /
 quEDU /
 []


Underfull \hbox (badness 1412) in paragraph at lines 45--50
[]\OT1/cmr/m/sc/12 quTools\OT1/cmr/m/n/12 :  \OT1/cmr/m/it/12 Quan-tenkof-fer B
rochure\OT1/cmr/m/n/12 .  [][]$\OT1/cmtt/m/n/12 https : / / www . qutools . com
 / files /
 []

)

[41



] (InternshipReport.aux (chapters/chapter01.aux) (chapters/chapter02.aux)
(chapters/chapter03.aux) (chapters/chapter04.aux) (chapters/appendix02.aux))
 ***********
LaTeX2e <2025-06-01> patch level 1
L3 programming layer <2020/03/25>
 ***********
 ) 
Here is how much of TeX's memory you used:
 27330 strings out of 468134
 538552 string characters out of 5428320
 1301995 words of memory out of 5000000
 55189 multiletter control sequences out of 15000+600000
 638384 words of font info for 85 fonts, out of 8000000 for 9000
 1141 hyphenation exceptions out of 8191
 113i,15n,125p,10957b,2826s stack positions out of 10000i,1000n,20000p,200000b,200000s
 <C:\Users\sesa807379\AppData\Local\MiKTeX\fonts/pk/ljfour/jknappen/ec/dpi600
\tcrm1200.pk><C:/Users/sesa807379/AppData/Local/Programs/MiKTeX/fonts/type1/pub
lic/amsfonts/cm/cmbx10.pfb><C:/Users/sesa807379/AppData/Local/Programs/MiKTeX/f
onts/type1/public/amsfonts/cm/cmbx12.pfb><C:/Users/sesa807379/AppData/Local/Pro
grams/MiKTeX/fonts/type1/public/amsfonts/cm/cmcsc10.pfb><C:/Users/sesa807379/Ap
pData/Local/Programs/MiKTeX/fonts/type1/public/amsfonts/cm/cmex10.pfb><C:/Users
/sesa807379/AppData/Local/Programs/MiKTeX/fonts/type1/public/amsfonts/cm/cmmi12
.pfb><C:/Users/sesa807379/AppData/Local/Programs/MiKTeX/fonts/type1/public/amsf
onts/cm/cmmi8.pfb><C:/Users/sesa807379/AppData/Local/Programs/MiKTeX/fonts/type
1/public/amsfonts/cm/cmr10.pfb><C:/Users/sesa807379/AppData/Local/Programs/MiKT
eX/fonts/type1/public/amsfonts/cm/cmr12.pfb><C:/Users/sesa807379/AppData/Local/
Programs/MiKTeX/fonts/type1/public/amsfonts/cm/cmr17.pfb><C:/Users/sesa807379/A
ppData/Local/Programs/MiKTeX/fonts/type1/public/amsfonts/cm/cmr6.pfb><C:/Users/
sesa807379/AppData/Local/Programs/MiKTeX/fonts/type1/public/amsfonts/cm/cmr8.pf
b><C:/Users/sesa807379/AppData/Local/Programs/MiKTeX/fonts/type1/public/amsfont
s/cm/cmsl12.pfb><C:/Users/sesa807379/AppData/Local/Programs/MiKTeX/fonts/type1/
public/amsfonts/cm/cmssbx10.pfb><C:/Users/sesa807379/AppData/Local/Programs/MiK
TeX/fonts/type1/public/amsfonts/cm/cmsy10.pfb><C:/Users/sesa807379/AppData/Loca
l/Programs/MiKTeX/fonts/type1/public/amsfonts/cm/cmsy6.pfb><C:/Users/sesa807379
/AppData/Local/Programs/MiKTeX/fonts/type1/public/amsfonts/cm/cmsy8.pfb><C:/Use
rs/sesa807379/AppData/Local/Programs/MiKTeX/fonts/type1/public/amsfonts/cm/cmti
12.pfb><C:/Users/sesa807379/AppData/Local/Programs/MiKTeX/fonts/type1/public/am
sfonts/cm/cmtt10.pfb><C:/Users/sesa807379/AppData/Local/Programs/MiKTeX/fonts/t
ype1/public/amsfonts/cm/cmtt12.pfb><C:/Users/sesa807379/AppData/Local/Programs/
MiKTeX/fonts/type1/public/amsfonts/symbols/msam10.pfb>
Output written on InternshipReport.pdf (51 pages, 6100606 bytes).
PDF statistics:
 1133 PDF objects out of 1200 (max. 8388607)
 314 named destinations out of 1000 (max. 500000)
 525 words of extra memory for PDF output out of 10000 (max. 10000000)

